Archive member included to satisfy reference by file (symbol)

c:/qmk_msys/mingw64/bin/../lib/gcc/arm-none-eabi/10.1.0/../../../../arm-none-eabi/lib/thumb/v7e-m+fp/hard\libm.a(lib_a-w_pow.o)
                              .build/obj_preonic_rev3_drop_doublespoiler/quantum/process_keycode/process_audio.o (pow)
c:/qmk_msys/mingw64/bin/../lib/gcc/arm-none-eabi/10.1.0/../../../../arm-none-eabi/lib/thumb/v7e-m+fp/hard\libm.a(lib_a-e_pow.o)
                              c:/qmk_msys/mingw64/bin/../lib/gcc/arm-none-eabi/10.1.0/../../../../arm-none-eabi/lib/thumb/v7e-m+fp/hard\libm.a(lib_a-w_pow.o) (__ieee754_pow)
c:/qmk_msys/mingw64/bin/../lib/gcc/arm-none-eabi/10.1.0/../../../../arm-none-eabi/lib/thumb/v7e-m+fp/hard\libm.a(lib_a-e_sqrt.o)
                              c:/qmk_msys/mingw64/bin/../lib/gcc/arm-none-eabi/10.1.0/../../../../arm-none-eabi/lib/thumb/v7e-m+fp/hard\libm.a(lib_a-e_pow.o) (__ieee754_sqrt)
c:/qmk_msys/mingw64/bin/../lib/gcc/arm-none-eabi/10.1.0/../../../../arm-none-eabi/lib/thumb/v7e-m+fp/hard\libm.a(lib_a-s_fabs.o)
                              c:/qmk_msys/mingw64/bin/../lib/gcc/arm-none-eabi/10.1.0/../../../../arm-none-eabi/lib/thumb/v7e-m+fp/hard\libm.a(lib_a-e_pow.o) (fabs)
c:/qmk_msys/mingw64/bin/../lib/gcc/arm-none-eabi/10.1.0/../../../../arm-none-eabi/lib/thumb/v7e-m+fp/hard\libm.a(lib_a-s_finite.o)
                              c:/qmk_msys/mingw64/bin/../lib/gcc/arm-none-eabi/10.1.0/../../../../arm-none-eabi/lib/thumb/v7e-m+fp/hard\libm.a(lib_a-w_pow.o) (finite)
c:/qmk_msys/mingw64/bin/../lib/gcc/arm-none-eabi/10.1.0/../../../../arm-none-eabi/lib/thumb/v7e-m+fp/hard\libm.a(lib_a-s_lib_ver.o)
                              c:/qmk_msys/mingw64/bin/../lib/gcc/arm-none-eabi/10.1.0/../../../../arm-none-eabi/lib/thumb/v7e-m+fp/hard\libm.a(lib_a-w_pow.o) (__fdlib_version)
c:/qmk_msys/mingw64/bin/../lib/gcc/arm-none-eabi/10.1.0/../../../../arm-none-eabi/lib/thumb/v7e-m+fp/hard\libm.a(lib_a-s_nan.o)
                              c:/qmk_msys/mingw64/bin/../lib/gcc/arm-none-eabi/10.1.0/../../../../arm-none-eabi/lib/thumb/v7e-m+fp/hard\libm.a(lib_a-e_pow.o) (nan)
c:/qmk_msys/mingw64/bin/../lib/gcc/arm-none-eabi/10.1.0/../../../../arm-none-eabi/lib/thumb/v7e-m+fp/hard\libm.a(lib_a-s_rint.o)
                              c:/qmk_msys/mingw64/bin/../lib/gcc/arm-none-eabi/10.1.0/../../../../arm-none-eabi/lib/thumb/v7e-m+fp/hard\libm.a(lib_a-w_pow.o) (rint)
c:/qmk_msys/mingw64/bin/../lib/gcc/arm-none-eabi/10.1.0/../../../../arm-none-eabi/lib/thumb/v7e-m+fp/hard\libm.a(lib_a-s_scalbn.o)
                              c:/qmk_msys/mingw64/bin/../lib/gcc/arm-none-eabi/10.1.0/../../../../arm-none-eabi/lib/thumb/v7e-m+fp/hard\libm.a(lib_a-e_pow.o) (scalbn)
c:/qmk_msys/mingw64/bin/../lib/gcc/arm-none-eabi/10.1.0/thumb/v7e-m+fp/hard\libgcc.a(_arm_muldf3.o)
                              .build/obj_preonic_rev3_drop_doublespoiler/quantum/process_keycode/process_audio.o (__aeabi_dmul)
c:/qmk_msys/mingw64/bin/../lib/gcc/arm-none-eabi/10.1.0/thumb/v7e-m+fp/hard\libgcc.a(_arm_addsubdf3.o)
                              c:/qmk_msys/mingw64/bin/../lib/gcc/arm-none-eabi/10.1.0/../../../../arm-none-eabi/lib/thumb/v7e-m+fp/hard\libm.a(lib_a-e_pow.o) (__aeabi_dsub)
c:/qmk_msys/mingw64/bin/../lib/gcc/arm-none-eabi/10.1.0/thumb/v7e-m+fp/hard\libgcc.a(_arm_muldivdf3.o)
                              c:/qmk_msys/mingw64/bin/../lib/gcc/arm-none-eabi/10.1.0/../../../../arm-none-eabi/lib/thumb/v7e-m+fp/hard\libm.a(lib_a-w_pow.o) (__aeabi_ddiv)
c:/qmk_msys/mingw64/bin/../lib/gcc/arm-none-eabi/10.1.0/thumb/v7e-m+fp/hard\libgcc.a(_arm_cmpdf2.o)
                              c:/qmk_msys/mingw64/bin/../lib/gcc/arm-none-eabi/10.1.0/../../../../arm-none-eabi/lib/thumb/v7e-m+fp/hard\libm.a(lib_a-w_pow.o) (__aeabi_dcmpeq)
c:/qmk_msys/mingw64/bin/../lib/gcc/arm-none-eabi/10.1.0/thumb/v7e-m+fp/hard\libgcc.a(_arm_unorddf2.o)
                              c:/qmk_msys/mingw64/bin/../lib/gcc/arm-none-eabi/10.1.0/../../../../arm-none-eabi/lib/thumb/v7e-m+fp/hard\libm.a(lib_a-w_pow.o) (__aeabi_dcmpun)
c:/qmk_msys/mingw64/bin/../lib/gcc/arm-none-eabi/10.1.0/thumb/v7e-m+fp/hard\libgcc.a(_arm_truncdfsf2.o)
                              .build/obj_preonic_rev3_drop_doublespoiler/quantum/process_keycode/process_audio.o (__aeabi_d2f)
c:/qmk_msys/mingw64/bin/../lib/gcc/arm-none-eabi/10.1.0/thumb/v7e-m+fp/hard\libgcc.a(_aeabi_ldivmod.o)
                              .build/obj_preonic_rev3_drop_doublespoiler/platforms/chibios/timer.o (__aeabi_ldivmod)
c:/qmk_msys/mingw64/bin/../lib/gcc/arm-none-eabi/10.1.0/thumb/v7e-m+fp/hard\libgcc.a(_aeabi_uldivmod.o)
                              .build/obj_preonic_rev3_drop_doublespoiler/platforms/chibios/timer.o (__aeabi_uldivmod)
c:/qmk_msys/mingw64/bin/../lib/gcc/arm-none-eabi/10.1.0/thumb/v7e-m+fp/hard\libgcc.a(_udivmoddi4.o)
                              c:/qmk_msys/mingw64/bin/../lib/gcc/arm-none-eabi/10.1.0/thumb/v7e-m+fp/hard\libgcc.a(_aeabi_ldivmod.o) (__udivmoddi4)
[...]
Memory Configuration

Name             Origin             Length             Attributes
flash0           0x0000000008000000 0x0000000000040000 xr
flash1           0x0000000000000000 0x0000000000000000 xr
flash2           0x0000000000000000 0x0000000000000000 xr
flash3           0x0000000000000000 0x0000000000000000 xr
flash4           0x0000000000000000 0x0000000000000000 xr
flash5           0x0000000000000000 0x0000000000000000 xr
flash6           0x0000000000000000 0x0000000000000000 xr
flash7           0x0000000000000000 0x0000000000000000 xr
ram0             0x0000000020000000 0x000000000000a000 xw
ram1             0x0000000000000000 0x0000000000000000 xw
ram2             0x0000000000000000 0x0000000000000000 xw
ram3             0x0000000000000000 0x0000000000000000 xw
ram4             0x0000000010000000 0x0000000000002000 xw
ram5             0x0000000000000000 0x0000000000000000 xw
ram6             0x0000000000000000 0x0000000000000000 xw
ram7             0x0000000000000000 0x0000000000000000 xw
*default*        0x0000000000000000 0xffffffffffffffff

Linker script and memory map

LOAD .build/obj_preonic_rev3_drop_doublespoiler/matrix.o
LOAD .build/obj_preonic_rev3_drop_doublespoiler/muse.o
LOAD .build/obj_preonic_rev3_drop_doublespoiler/keyboards/preonic/preonic.o
LOAD .build/obj_preonic_rev3_drop_doublespoiler/keyboards/preonic/rev3_drop/rev3_drop.o
LOAD .build/obj_preonic_rev3_drop_doublespoiler/.build/obj_preonic_rev3_drop/src/default_keyboard.o
LOAD .build/obj_preonic_rev3_drop_doublespoiler/keyboards/preonic/keymaps/doublespoiler/keymap.o
LOAD .build/obj_preonic_rev3_drop_doublespoiler/quantum/quantum.o
LOAD .build/obj_preonic_rev3_drop_doublespoiler/quantum/send_string.o
LOAD .build/obj_preonic_rev3_drop_doublespoiler/quantum/bitwise.o
LOAD .build/obj_preonic_rev3_drop_doublespoiler/quantum/led.o
LOAD .build/obj_preonic_rev3_drop_doublespoiler/quantum/action.o
LOAD .build/obj_preonic_rev3_drop_doublespoiler/quantum/action_layer.o
LOAD .build/obj_preonic_rev3_drop_doublespoiler/quantum/action_tapping.o
LOAD .build/obj_preonic_rev3_drop_doublespoiler/quantum/action_util.o
LOAD .build/obj_preonic_rev3_drop_doublespoiler/quantum/eeconfig.o
LOAD .build/obj_preonic_rev3_drop_doublespoiler/quantum/keyboard.o
LOAD .build/obj_preonic_rev3_drop_doublespoiler/quantum/keymap_common.o
LOAD .build/obj_preonic_rev3_drop_doublespoiler/quantum/keycode_config.o
LOAD .build/obj_preonic_rev3_drop_doublespoiler/quantum/sync_timer.o
LOAD .build/obj_preonic_rev3_drop_doublespoiler/quantum/logging/debug.o
LOAD .build/obj_preonic_rev3_drop_doublespoiler/quantum/logging/sendchar.o
LOAD .build/obj_preonic_rev3_drop_doublespoiler/quantum/logging/print.o
LOAD .build/obj_preonic_rev3_drop_doublespoiler/quantum/bootmagic/magic.o
LOAD .build/obj_preonic_rev3_drop_doublespoiler/quantum/debounce/sym_defer_g.o
LOAD .build/obj_preonic_rev3_drop_doublespoiler/quantum/main.o
LOAD .build/obj_preonic_rev3_drop_doublespoiler/lib/printf/printf.o
LOAD .build/obj_preonic_rev3_drop_doublespoiler/quantum/process_keycode/process_audio.o
LOAD .build/obj_preonic_rev3_drop_doublespoiler/quantum/process_keycode/process_clicky.o
LOAD .build/obj_preonic_rev3_drop_doublespoiler/quantum/audio/audio.o
LOAD .build/obj_preonic_rev3_drop_doublespoiler/platforms/chibios/drivers/audio_dac_basic.o
LOAD .build/obj_preonic_rev3_drop_doublespoiler/quantum/audio/voices.o
LOAD .build/obj_preonic_rev3_drop_doublespoiler/quantum/audio/luts.o
LOAD .build/obj_preonic_rev3_drop_doublespoiler/quantum/process_keycode/process_music.o
LOAD .build/obj_preonic_rev3_drop_doublespoiler/eeprom_driver.o
LOAD .build/obj_preonic_rev3_drop_doublespoiler/platforms/chibios/eeprom_stm32.o
LOAD .build/obj_preonic_rev3_drop_doublespoiler/platforms/chibios/flash_stm32.o
LOAD .build/obj_preonic_rev3_drop_doublespoiler/quantum/color.o
LOAD .build/obj_preonic_rev3_drop_doublespoiler/quantum/rgblight/rgblight.o
LOAD .build/obj_preonic_rev3_drop_doublespoiler/quantum/process_keycode/process_rgb.o
LOAD .build/obj_preonic_rev3_drop_doublespoiler/ws2812_pwm.o
LOAD .build/obj_preonic_rev3_drop_doublespoiler/quantum/led_tables.o
LOAD .build/obj_preonic_rev3_drop_doublespoiler/quantum/process_keycode/process_magic.o
LOAD .build/obj_preonic_rev3_drop_doublespoiler/quantum/command.o
LOAD .build/obj_preonic_rev3_drop_doublespoiler/quantum/dip_switch.o
LOAD .build/obj_preonic_rev3_drop_doublespoiler/quantum/encoder.o
LOAD .build/obj_preonic_rev3_drop_doublespoiler/quantum/process_keycode/process_grave_esc.o
LOAD .build/obj_preonic_rev3_drop_doublespoiler/quantum/process_keycode/process_space_cadet.o
LOAD .build/obj_preonic_rev3_drop_doublespoiler/quantum/process_keycode/process_dynamic_tapping_term.o
LOAD .build/obj_preonic_rev3_drop_doublespoiler/./lib/chibios/os/common/startup/ARMCMx/compilers/GCC/crt0_v7m.o
LOAD .build/obj_preonic_rev3_drop_doublespoiler/./lib/chibios/os/common/startup/ARMCMx/compilers/GCC/vectors.o
LOAD .build/obj_preonic_rev3_drop_doublespoiler/./lib/chibios/os/common/ports/ARMv7-M/compilers/GCC/chcoreasm.o
LOAD .build/obj_preonic_rev3_drop_doublespoiler/protocol/host.o
LOAD .build/obj_preonic_rev3_drop_doublespoiler/protocol/report.o
LOAD .build/obj_preonic_rev3_drop_doublespoiler/protocol/usb_device_state.o
LOAD .build/obj_preonic_rev3_drop_doublespoiler/protocol/usb_util.o
LOAD .build/obj_preonic_rev3_drop_doublespoiler/platforms/suspend.o
LOAD .build/obj_preonic_rev3_drop_doublespoiler/platforms/chibios/hardware_id.o
LOAD .build/obj_preonic_rev3_drop_doublespoiler/platforms/chibios/platform.o
LOAD .build/obj_preonic_rev3_drop_doublespoiler/platforms/chibios/suspend.o
LOAD .build/obj_preonic_rev3_drop_doublespoiler/platforms/chibios/timer.o
LOAD .build/obj_preonic_rev3_drop_doublespoiler/platforms/chibios/bootloaders/stm32_dfu.o
LOAD .build/obj_preonic_rev3_drop_doublespoiler/protocol/chibios/usb_main.o
LOAD .build/obj_preonic_rev3_drop_doublespoiler/protocol/chibios/chibios.o
LOAD .build/obj_preonic_rev3_drop_doublespoiler/usb_descriptor.o
LOAD .build/obj_preonic_rev3_drop_doublespoiler/protocol/chibios/usb_driver.o
LOAD .build/obj_preonic_rev3_drop_doublespoiler/protocol/chibios/usb_util.o
LOAD .build/obj_preonic_rev3_drop_doublespoiler/./lib/chibios/os/oslib/src/chmboxes.o
LOAD .build/obj_preonic_rev3_drop_doublespoiler/./lib/chibios/os/oslib/src/chmemcore.o
LOAD .build/obj_preonic_rev3_drop_doublespoiler/./lib/chibios/os/oslib/src/chmemheaps.o
LOAD .build/obj_preonic_rev3_drop_doublespoiler/./lib/chibios/os/oslib/src/chmempools.o
LOAD .build/obj_preonic_rev3_drop_doublespoiler/./lib/chibios/os/oslib/src/chpipes.o
LOAD .build/obj_preonic_rev3_drop_doublespoiler/./lib/chibios/os/oslib/src/chobjcaches.o
LOAD .build/obj_preonic_rev3_drop_doublespoiler/./lib/chibios/os/oslib/src/chdelegates.o
LOAD .build/obj_preonic_rev3_drop_doublespoiler/./lib/chibios/os/oslib/src/chfactory.o
LOAD .build/obj_preonic_rev3_drop/lib/chibios/os/common/startup/ARMCMx/compilers/GCC/crt1.o
LOAD .build/obj_preonic_rev3_drop/lib/chibios/os/rt/src/chsys.o
LOAD .build/obj_preonic_rev3_drop/lib/chibios/os/rt/src/chrfcu.o
LOAD .build/obj_preonic_rev3_drop/lib/chibios/os/rt/src/chdebug.o
LOAD .build/obj_preonic_rev3_drop/lib/chibios/os/rt/src/chtrace.o
LOAD .build/obj_preonic_rev3_drop/lib/chibios/os/rt/src/chvt.o
LOAD .build/obj_preonic_rev3_drop/lib/chibios/os/rt/src/chschd.o
LOAD .build/obj_preonic_rev3_drop/lib/chibios/os/rt/src/chinstances.o
LOAD .build/obj_preonic_rev3_drop/lib/chibios/os/rt/src/chthreads.o
LOAD .build/obj_preonic_rev3_drop/lib/chibios/os/rt/src/chtm.o
LOAD .build/obj_preonic_rev3_drop/lib/chibios/os/rt/src/chstats.o
LOAD .build/obj_preonic_rev3_drop/lib/chibios/os/rt/src/chregistry.o
LOAD .build/obj_preonic_rev3_drop/lib/chibios/os/rt/src/chsem.o
LOAD .build/obj_preonic_rev3_drop/lib/chibios/os/rt/src/chmtx.o
LOAD .build/obj_preonic_rev3_drop/lib/chibios/os/rt/src/chcond.o
LOAD .build/obj_preonic_rev3_drop/lib/chibios/os/rt/src/chevents.o
LOAD .build/obj_preonic_rev3_drop/lib/chibios/os/rt/src/chmsg.o
LOAD .build/obj_preonic_rev3_drop/lib/chibios/os/rt/src/chdynamic.o
LOAD .build/obj_preonic_rev3_drop/lib/chibios/os/common/ports/ARMv7-M/chcore.o
LOAD .build/obj_preonic_rev3_drop/lib/chibios/os/hal/osal/rt-nil/osal.o
LOAD .build/obj_preonic_rev3_drop/lib/chibios/os/hal/src/hal.o
LOAD .build/obj_preonic_rev3_drop/lib/chibios/os/hal/src/hal_st.o
LOAD .build/obj_preonic_rev3_drop/lib/chibios/os/hal/src/hal_buffers.o
LOAD .build/obj_preonic_rev3_drop/lib/chibios/os/hal/src/hal_queues.o
LOAD .build/obj_preonic_rev3_drop/lib/chibios/os/hal/src/hal_flash.o
LOAD .build/obj_preonic_rev3_drop/lib/chibios/os/hal/src/hal_mmcsd.o
LOAD .build/obj_preonic_rev3_drop/lib/chibios/os/hal/src/hal_adc.o
LOAD .build/obj_preonic_rev3_drop/lib/chibios/os/hal/src/hal_can.o
LOAD .build/obj_preonic_rev3_drop/lib/chibios/os/hal/src/hal_crypto.o
LOAD .build/obj_preonic_rev3_drop/lib/chibios/os/hal/src/hal_dac.o
LOAD .build/obj_preonic_rev3_drop/lib/chibios/os/hal/src/hal_efl.o
LOAD .build/obj_preonic_rev3_drop/lib/chibios/os/hal/src/hal_gpt.o
LOAD .build/obj_preonic_rev3_drop/lib/chibios/os/hal/src/hal_i2c.o
LOAD .build/obj_preonic_rev3_drop/lib/chibios/os/hal/src/hal_i2s.o
LOAD .build/obj_preonic_rev3_drop/lib/chibios/os/hal/src/hal_icu.o
LOAD .build/obj_preonic_rev3_drop/lib/chibios/os/hal/src/hal_mac.o
LOAD .build/obj_preonic_rev3_drop/lib/chibios/os/hal/src/hal_mmc_spi.o
LOAD .build/obj_preonic_rev3_drop/lib/chibios/os/hal/src/hal_pal.o
LOAD .build/obj_preonic_rev3_drop/lib/chibios/os/hal/src/hal_pwm.o
LOAD .build/obj_preonic_rev3_drop/lib/chibios/os/hal/src/hal_rtc.o
LOAD .build/obj_preonic_rev3_drop/lib/chibios/os/hal/src/hal_sdc.o
LOAD .build/obj_preonic_rev3_drop/lib/chibios/os/hal/src/hal_serial.o
LOAD .build/obj_preonic_rev3_drop/lib/chibios/os/hal/src/hal_serial_usb.o
LOAD .build/obj_preonic_rev3_drop/lib/chibios/os/hal/src/hal_sio.o
LOAD .build/obj_preonic_rev3_drop/lib/chibios/os/hal/src/hal_spi.o
LOAD .build/obj_preonic_rev3_drop/lib/chibios/os/hal/src/hal_trng.o
LOAD .build/obj_preonic_rev3_drop/lib/chibios/os/hal/src/hal_uart.o
LOAD .build/obj_preonic_rev3_drop/lib/chibios/os/hal/src/hal_usb.o
LOAD .build/obj_preonic_rev3_drop/lib/chibios/os/hal/src/hal_wdg.o
LOAD .build/obj_preonic_rev3_drop/lib/chibios/os/hal/src/hal_wspi.o
LOAD .build/obj_preonic_rev3_drop/lib/chibios/os/hal/ports/common/ARMCMx/nvic.o
LOAD .build/obj_preonic_rev3_drop/lib/chibios/os/hal/ports/STM32/STM32F3xx/stm32_isr.o
LOAD .build/obj_preonic_rev3_drop/lib/chibios/os/hal/ports/STM32/STM32F3xx/hal_lld.o
LOAD .build/obj_preonic_rev3_drop/lib/chibios/os/hal/ports/STM32/STM32F3xx/hal_efl_lld.o
LOAD .build/obj_preonic_rev3_drop/lib/chibios/os/hal/ports/STM32/LLD/ADCv3/hal_adc_lld.o
LOAD .build/obj_preonic_rev3_drop/lib/chibios/os/hal/ports/STM32/LLD/CANv1/hal_can_lld.o
LOAD .build/obj_preonic_rev3_drop/lib/chibios/os/hal/ports/STM32/LLD/DACv1/hal_dac_lld.o
LOAD .build/obj_preonic_rev3_drop/lib/chibios/os/hal/ports/STM32/LLD/DMAv1/stm32_dma.o
LOAD .build/obj_preonic_rev3_drop/lib/chibios/os/hal/ports/STM32/LLD/EXTIv1/stm32_exti.o
LOAD .build/obj_preonic_rev3_drop/lib/chibios/os/hal/ports/STM32/LLD/GPIOv2/hal_pal_lld.o
LOAD .build/obj_preonic_rev3_drop/lib/chibios/os/hal/ports/STM32/LLD/I2Cv2/hal_i2c_lld.o
LOAD .build/obj_preonic_rev3_drop/lib/chibios/os/hal/ports/STM32/LLD/RTCv2/hal_rtc_lld.o
LOAD .build/obj_preonic_rev3_drop/lib/chibios/os/hal/ports/STM32/LLD/SPIv2/hal_i2s_lld.o
LOAD .build/obj_preonic_rev3_drop/lib/chibios/os/hal/ports/STM32/LLD/SPIv2/hal_spi_v2_lld.o
LOAD .build/obj_preonic_rev3_drop/lib/chibios/os/hal/ports/STM32/LLD/SYSTICKv1/hal_st_lld.o
LOAD .build/obj_preonic_rev3_drop/lib/chibios/os/hal/ports/STM32/LLD/TIMv1/hal_gpt_lld.o
LOAD .build/obj_preonic_rev3_drop/lib/chibios/os/hal/ports/STM32/LLD/TIMv1/hal_icu_lld.o
LOAD .build/obj_preonic_rev3_drop/lib/chibios/os/hal/ports/STM32/LLD/TIMv1/hal_pwm_lld.o
LOAD .build/obj_preonic_rev3_drop/lib/chibios/os/hal/ports/STM32/LLD/USARTv2/hal_serial_lld.o
LOAD .build/obj_preonic_rev3_drop/lib/chibios/os/hal/ports/STM32/LLD/USARTv2/hal_sio_lld.o
LOAD .build/obj_preonic_rev3_drop/lib/chibios/os/hal/ports/STM32/LLD/USARTv2/hal_uart_lld.o
LOAD .build/obj_preonic_rev3_drop/lib/chibios/os/hal/ports/STM32/LLD/USBv1/hal_usb_lld.o
LOAD .build/obj_preonic_rev3_drop/lib/chibios/os/hal/ports/STM32/LLD/xWDGv1/hal_wdg_lld.o
LOAD .build/obj_preonic_rev3_drop/lib/chibios/os/hal/boards/ST_STM32F3_DISCOVERY/board.o
LOAD .build/obj_preonic_rev3_drop/lib/chibios/os/hal/lib/streams/chprintf.o
LOAD .build/obj_preonic_rev3_drop/lib/chibios/os/hal/lib/streams/chscanf.o
LOAD .build/obj_preonic_rev3_drop/lib/chibios/os/hal/lib/streams/memstreams.o
LOAD .build/obj_preonic_rev3_drop/lib/chibios/os/hal/lib/streams/nullstreams.o
LOAD .build/obj_preonic_rev3_drop/lib/chibios/os/hal/lib/streams/bufstreams.o
LOAD .build/obj_preonic_rev3_drop/lib/chibios/os/various/syscalls.o
LOAD .build/obj_preonic_rev3_drop/platforms/chibios/syscall-fallbacks.o
LOAD .build/obj_preonic_rev3_drop/platforms/chibios/wait.o
LOAD .build/obj_preonic_rev3_drop/platforms/chibios/synchronization_util.o
                0x0000000000000800                __process_stack_size__ = 0x800
                0x0000000000000400                __main_stack_size__ = 0x400
LOAD c:/qmk_msys/mingw64/bin/../lib/gcc/arm-none-eabi/10.1.0/../../../../arm-none-eabi/lib/thumb/v7e-m+fp/hard\libm.a
START GROUP
LOAD c:/qmk_msys/mingw64/bin/../lib/gcc/arm-none-eabi/10.1.0/thumb/v7e-m+fp/hard\libgcc.a
LOAD c:/qmk_msys/mingw64/bin/../lib/gcc/arm-none-eabi/10.1.0/../../../../arm-none-eabi/lib/thumb/v7e-m+fp/hard\libg_nano.a
LOAD c:/qmk_msys/mingw64/bin/../lib/gcc/arm-none-eabi/10.1.0/../../../../arm-none-eabi/lib/thumb/v7e-m+fp/hard\libc_nano.a
END GROUP
START GROUP
LOAD c:/qmk_msys/mingw64/bin/../lib/gcc/arm-none-eabi/10.1.0/thumb/v7e-m+fp/hard\libgcc.a
LOAD c:/qmk_msys/mingw64/bin/../lib/gcc/arm-none-eabi/10.1.0/../../../../arm-none-eabi/lib/thumb/v7e-m+fp/hard\libc_nano.a
END GROUP

.mstack         0x0000000020000000      0x400
                0x0000000020000000                . = ALIGN (0x8)
                0x0000000020000000                __main_stack_base__ = .
                0x0000000020000400                . = (. + __main_stack_size__)
 *fill*         0x0000000020000000      0x400 
                0x0000000020000400                . = ALIGN (0x8)
                0x0000000020000400                __main_stack_end__ = .

.pstack         0x0000000020000400      0x800
                0x0000000020000400                . = ALIGN (0x8)
                0x0000000020000400                __process_stack_base__ = .
                0x0000000020000400                __main_thread_stack_base__ = .
                0x0000000020000c00                . = (. + __process_stack_size__)
 *fill*         0x0000000020000400      0x800 
                0x0000000020000c00                . = ALIGN (0x8)
                0x0000000020000c00                __process_stack_end__ = .
                0x0000000020000c00                __main_thread_stack_end__ = .

.vectors        0x0000000008000000      0x1a0
                0x0000000008000000                __textvectors_base__ = LOADADDR (.vectors)
                0x0000000008000000                __vectors_base__ = .
 *(.vectors)
 .vectors       0x0000000008000000      0x1a0 .build/obj_preonic_rev3_drop_doublespoiler/./lib/chibios/os/common/startup/ARMCMx/compilers/GCC/vectors.o
                0x0000000008000000                _vectors
                0x00000000080001a0                __vectors_end__ = .

.xtors          0x00000000080001a0        0x0
                0x00000000080001a0                __init_array_base__ = .
 *(SORT_BY_NAME(.init_array.*))
 *(.init_array)
                0x00000000080001a0                __init_array_end__ = .
                0x00000000080001a0                __fini_array_base__ = .
 *(.fini_array)
 *(SORT_BY_NAME(.fini_array.*))
                0x00000000080001a0                __fini_array_end__ = .

.text           0x00000000080001a0     0x9842
                0x00000000080001a0                __text_base__ = .
 *(.text)
 .text          0x00000000080001a0      0x11c .build/obj_preonic_rev3_drop_doublespoiler/./lib/chibios/os/common/startup/ARMCMx/compilers/GCC/crt0_v7m.o
                0x00000000080001a0                _crt0_entry
 .text          0x00000000080002bc        0x8 .build/obj_preonic_rev3_drop_doublespoiler/./lib/chibios/os/common/startup/ARMCMx/compilers/GCC/vectors.o
                0x00000000080002bc                Reset_Handler
                0x00000000080002be                VectorE8
                0x00000000080002be                Vector9C
                0x00000000080002be                DebugMon_Handler
                0x00000000080002be                Vector5C
                0x00000000080002be                HardFault_Handler
                0x00000000080002be                Vector19C
                0x00000000080002be                Vector8C
                0x00000000080002be                SysTick_Handler
                0x00000000080002be                VectorDC
                0x00000000080002be                PendSV_Handler
                0x00000000080002be                Vector168
                0x00000000080002be                NMI_Handler
                0x00000000080002be                Vector110
                0x00000000080002be                VectorC8
                0x00000000080002be                Vector94
                0x00000000080002be                Vector160
                0x00000000080002be                UsageFault_Handler
                0x00000000080002be                VectorEC
                0x00000000080002be                Vector40
                0x00000000080002be                VectorF8
                0x00000000080002be                Vector108
                0x00000000080002be                Vector190
                0x00000000080002be                Vector150
                0x00000000080002be                Vector148
                0x00000000080002be                Vector188
                0x00000000080002be                Vector198
                0x00000000080002be                Vector64
                0x00000000080002be                Vector58
                0x00000000080002be                VectorCC
                0x00000000080002be                Vector54
                0x00000000080002be                Vector98
                0x00000000080002be                VectorD8
                0x00000000080002be                Vector138
                0x00000000080002be                Vector24
                0x00000000080002be                Vector178
                0x00000000080002be                SecureFault_Handler
                0x00000000080002be                VectorD0
                0x00000000080002be                Vector140
                0x00000000080002be                VectorE4
                0x00000000080002be                Vector158
                0x00000000080002be                Vector134
                0x00000000080002be                Vector13C
                0x00000000080002be                Vector100
                0x00000000080002be                VectorE0
                0x00000000080002be                VectorF4
                0x00000000080002be                MemManage_Handler
                0x00000000080002be                VectorC4
                0x00000000080002be                Vector180
                0x00000000080002be                Vector90
                0x00000000080002be                Vector114
                0x00000000080002be                Vector164
                0x00000000080002be                Vector60
                0x00000000080002be                Vector17C
                0x00000000080002be                Vector48
                0x00000000080002be                VectorD4
                0x00000000080002be                Vector4C
                0x00000000080002be                Vector144
                0x00000000080002be                Vector15C
                0x00000000080002be                Vector68
                0x00000000080002be                Vector18C
                0x00000000080002be                Vector170
                0x00000000080002be                Vector88
                0x00000000080002be                Vector104
                0x00000000080002be                Vector184
                0x00000000080002be                Vector10C
                0x00000000080002be                Vector14C
                0x00000000080002be                BusFault_Handler
                0x00000000080002be                Vector50
                0x00000000080002be                Vector194
                0x00000000080002be                Vector154
                0x00000000080002be                Vector44
                0x00000000080002be                Vector28
                0x00000000080002be                VectorB8
                0x00000000080002be                VectorFC
                0x00000000080002be                Vector34
                0x00000000080002be                Vector20
                0x00000000080002be                Vector174
                0x00000000080002c2                _unhandled_exception
 .text          0x00000000080002c4       0x32 .build/obj_preonic_rev3_drop_doublespoiler/./lib/chibios/os/common/ports/ARMv7-M/compilers/GCC/chcoreasm.o
                0x00000000080002c4                __port_switch
                0x00000000080002dc                __port_thread_start
                0x00000000080002ee                __port_switch_from_isr
                0x00000000080002f2                __port_exit_from_isr
 *fill*         0x00000000080002f6        0x2 
 .text          0x00000000080002f8      0x19c c:/qmk_msys/mingw64/bin/../lib/gcc/arm-none-eabi/10.1.0/../../../../arm-none-eabi/lib/thumb/v7e-m+fp/hard\libm.a(lib_a-w_pow.o)
                0x00000000080002f8                pow
 *fill*         0x0000000008000494        0x4 
 .text          0x0000000008000498      0xad8 c:/qmk_msys/mingw64/bin/../lib/gcc/arm-none-eabi/10.1.0/../../../../arm-none-eabi/lib/thumb/v7e-m+fp/hard\libm.a(lib_a-e_pow.o)
                0x0000000008000498                __ieee754_pow
 .text          0x0000000008000f70      0x198 c:/qmk_msys/mingw64/bin/../lib/gcc/arm-none-eabi/10.1.0/../../../../arm-none-eabi/lib/thumb/v7e-m+fp/hard\libm.a(lib_a-e_sqrt.o)
                0x0000000008000f70                __ieee754_sqrt
 .text          0x0000000008001108       0x14 c:/qmk_msys/mingw64/bin/../lib/gcc/arm-none-eabi/10.1.0/../../../../arm-none-eabi/lib/thumb/v7e-m+fp/hard\libm.a(lib_a-s_fabs.o)
                0x0000000008001108                fabs
 .text          0x000000000800111c       0x10 c:/qmk_msys/mingw64/bin/../lib/gcc/arm-none-eabi/10.1.0/../../../../arm-none-eabi/lib/thumb/v7e-m+fp/hard\libm.a(lib_a-s_finite.o)
                0x000000000800111c                finite
 *fill*         0x000000000800112c        0x4 
 .text          0x0000000008001130       0x10 c:/qmk_msys/mingw64/bin/../lib/gcc/arm-none-eabi/10.1.0/../../../../arm-none-eabi/lib/thumb/v7e-m+fp/hard\libm.a(lib_a-s_nan.o)
                0x0000000008001130                nan
 .text          0x0000000008001140      0x120 c:/qmk_msys/mingw64/bin/../lib/gcc/arm-none-eabi/10.1.0/../../../../arm-none-eabi/lib/thumb/v7e-m+fp/hard\libm.a(lib_a-s_rint.o)
                0x0000000008001140                rint
 .text          0x0000000008001260      0x124 c:/qmk_msys/mingw64/bin/../lib/gcc/arm-none-eabi/10.1.0/../../../../arm-none-eabi/lib/thumb/v7e-m+fp/hard\libm.a(lib_a-s_scalbn.o)
                0x0000000008001260                scalbn
 .text          0x0000000008001384      0x378 c:/qmk_msys/mingw64/bin/../lib/gcc/arm-none-eabi/10.1.0/thumb/v7e-m+fp/hard\libgcc.a(_arm_addsubdf3.o)
                0x0000000008001384                __aeabi_drsub
                0x000000000800138c                __aeabi_dsub
                0x000000000800138c                __subdf3
                0x0000000008001390                __aeabi_dadd
                0x0000000008001390                __adddf3
                0x0000000008001608                __floatunsidf
                0x0000000008001608                __aeabi_ui2d
                0x0000000008001628                __floatsidf
                0x0000000008001628                __aeabi_i2d
                0x000000000800164c                __aeabi_f2d
                0x000000000800164c                __extendsfdf2
                0x0000000008001690                __floatundidf
                0x0000000008001690                __aeabi_ul2d
                0x00000000080016a0                __floatdidf
                0x00000000080016a0                __aeabi_l2d
 .text          0x00000000080016fc      0x424 c:/qmk_msys/mingw64/bin/../lib/gcc/arm-none-eabi/10.1.0/thumb/v7e-m+fp/hard\libgcc.a(_arm_muldivdf3.o)
                0x00000000080016fc                __aeabi_dmul
                0x00000000080016fc                __muldf3
                0x0000000008001950                __divdf3
                0x0000000008001950                __aeabi_ddiv
 .text          0x0000000008001b20      0x110 c:/qmk_msys/mingw64/bin/../lib/gcc/arm-none-eabi/10.1.0/thumb/v7e-m+fp/hard\libgcc.a(_arm_cmpdf2.o)
                0x0000000008001b20                __gtdf2
                0x0000000008001b20                __gedf2
                0x0000000008001b28                __ltdf2
                0x0000000008001b28                __ledf2
                0x0000000008001b30                __nedf2
                0x0000000008001b30                __eqdf2
                0x0000000008001b30                __cmpdf2
                0x0000000008001bac                __aeabi_cdrcmple
                0x0000000008001bbc                __aeabi_cdcmpeq
                0x0000000008001bbc                __aeabi_cdcmple
                0x0000000008001bcc                __aeabi_dcmpeq
                0x0000000008001be0                __aeabi_dcmplt
                0x0000000008001bf4                __aeabi_dcmple
                0x0000000008001c08                __aeabi_dcmpge
                0x0000000008001c1c                __aeabi_dcmpgt
 .text          0x0000000008001c30       0x2c c:/qmk_msys/mingw64/bin/../lib/gcc/arm-none-eabi/10.1.0/thumb/v7e-m+fp/hard\libgcc.a(_arm_unorddf2.o)
                0x0000000008001c30                __unorddf2
                0x0000000008001c30                __aeabi_dcmpun
 .text          0x0000000008001c5c       0xa0 c:/qmk_msys/mingw64/bin/../lib/gcc/arm-none-eabi/10.1.0/thumb/v7e-m+fp/hard\libgcc.a(_arm_truncdfsf2.o)
                0x0000000008001c5c                __truncdfsf2
                0x0000000008001c5c                __aeabi_d2f
 .text          0x0000000008001cfc       0x30 c:/qmk_msys/mingw64/bin/../lib/gcc/arm-none-eabi/10.1.0/thumb/v7e-m+fp/hard\libgcc.a(_aeabi_uldivmod.o)
                0x0000000008001cfc                __aeabi_uldivmod
 .text          0x0000000008001d2c        0x4 c:/qmk_msys/mingw64/bin/../lib/gcc/arm-none-eabi/10.1.0/thumb/v7e-m+fp/hard\libgcc.a(_dvmd_tls.o)
                0x0000000008001d2c                __aeabi_idiv0
                0x0000000008001d2c                __aeabi_ldiv0
 .text          0x0000000008001d30        0xc c:/qmk_msys/mingw64/bin/../lib/gcc/arm-none-eabi/10.1.0/../../../../arm-none-eabi/lib/thumb/v7e-m+fp/hard\libg_nano.a(lib_a-errno.o)
                0x0000000008001d30                __errno
 *fill*         0x0000000008001d3c        0x4 
 .text          0x0000000008001d40       0xa0 c:/qmk_msys/mingw64/bin/../lib/gcc/arm-none-eabi/10.1.0/../../../../arm-none-eabi/lib/thumb/v7e-m+fp/hard\libg_nano.a(lib_a-memchr.o)
                0x0000000008001d40                memchr
 .text          0x0000000008001de0       0x60 c:/qmk_msys/mingw64/bin/../lib/gcc/arm-none-eabi/10.1.0/../../../../arm-none-eabi/lib/thumb/v7e-m+fp/hard\libg_nano.a(lib_a-memcmp.o)
                0x0000000008001de0                memcmp
 .text          0x0000000008001e40      0x134 c:/qmk_msys/mingw64/bin/../lib/gcc/arm-none-eabi/10.1.0/../../../../arm-none-eabi/lib/thumb/v7e-m+fp/hard\libg_nano.a(lib_a-memcpy.o)
                0x0000000008001e40                memcpy
 .text          0x0000000008001f74       0xd0 c:/qmk_msys/mingw64/bin/../lib/gcc/arm-none-eabi/10.1.0/../../../../arm-none-eabi/lib/thumb/v7e-m+fp/hard\libg_nano.a(lib_a-memmove.o)
                0x0000000008001f74                memmove
 .text          0x0000000008002044       0xa0 c:/qmk_msys/mingw64/bin/../lib/gcc/arm-none-eabi/10.1.0/../../../../arm-none-eabi/lib/thumb/v7e-m+fp/hard\libg_nano.a(lib_a-memset.o)
                0x0000000008002044                memset
 *(.text.*)
 .text.matrix_scan_user
                0x00000000080020e4        0x2 .build/obj_preonic_rev3_drop_doublespoiler/matrix.o
                0x00000000080020e4                matrix_scan_user
 .text.matrix_init_kb
                0x00000000080020e6        0x8 .build/obj_preonic_rev3_drop_doublespoiler/matrix.o
                0x00000000080020e6                matrix_init_kb
 .text.matrix_scan_kb
                0x00000000080020ee        0x8 .build/obj_preonic_rev3_drop_doublespoiler/matrix.o
                0x00000000080020ee                matrix_scan_kb
 *fill*         0x00000000080020f6        0x2 
 .text.matrix_init
                0x00000000080020f8       0xf0 .build/obj_preonic_rev3_drop_doublespoiler/matrix.o
                0x00000000080020f8                matrix_init
 .text.matrix_scan
                0x00000000080021e8      0x194 .build/obj_preonic_rev3_drop_doublespoiler/matrix.o
                0x00000000080021e8                matrix_scan
 .text.matrix_get_row
                0x000000000800237c        0xc .build/obj_preonic_rev3_drop_doublespoiler/matrix.o
                0x000000000800237c                matrix_get_row
 .text.matrix_print
                0x0000000008002388        0x2 .build/obj_preonic_rev3_drop_doublespoiler/matrix.o
                0x0000000008002388                matrix_print
 *fill*         0x000000000800238a        0x2 
 .text.encoder_update_kb
                0x000000000800238c       0x44 .build/obj_preonic_rev3_drop_doublespoiler/keyboards/preonic/preonic.o
                0x000000000800238c                encoder_update_kb
 .text.startup_user
                0x00000000080023d0       0x10 .build/obj_preonic_rev3_drop_doublespoiler/keyboards/preonic/keymaps/doublespoiler/keymap.o
                0x00000000080023d0                startup_user
 .text.shutdown_user
                0x00000000080023e0       0x18 .build/obj_preonic_rev3_drop_doublespoiler/keyboards/preonic/keymaps/doublespoiler/keymap.o
                0x00000000080023e0                shutdown_user
 .text.music_scale_user
                0x00000000080023f8       0x10 .build/obj_preonic_rev3_drop_doublespoiler/keyboards/preonic/keymaps/doublespoiler/keymap.o
                0x00000000080023f8                music_scale_user
 .text.music_on_user
                0x0000000008002408        0x4 .build/obj_preonic_rev3_drop_doublespoiler/keyboards/preonic/keymaps/doublespoiler/keymap.o
                0x0000000008002408                music_on_user
 .text.matrix_init_user
                0x000000000800240c        0x4 .build/obj_preonic_rev3_drop_doublespoiler/keyboards/preonic/keymaps/doublespoiler/keymap.o
                0x000000000800240c                matrix_init_user
 .text.persistent_default_layer_set
                0x0000000008002410       0x14 .build/obj_preonic_rev3_drop_doublespoiler/keyboards/preonic/keymaps/doublespoiler/keymap.o
                0x0000000008002410                persistent_default_layer_set
 .text.process_record_user
                0x0000000008002424       0x68 .build/obj_preonic_rev3_drop_doublespoiler/keyboards/preonic/keymaps/doublespoiler/keymap.o
                0x0000000008002424                process_record_user
 .text.process_action_kb
                0x000000000800248c        0x4 .build/obj_preonic_rev3_drop_doublespoiler/quantum/quantum.o
                0x000000000800248c                process_action_kb
 .text.process_record_kb
                0x0000000008002490        0x8 .build/obj_preonic_rev3_drop_doublespoiler/quantum/quantum.o
                0x0000000008002490                process_record_kb
 .text.post_process_record_user
                0x0000000008002498        0x2 .build/obj_preonic_rev3_drop_doublespoiler/quantum/quantum.o
                0x0000000008002498                post_process_record_user
 .text.post_process_record_kb
                0x000000000800249a        0x8 .build/obj_preonic_rev3_drop_doublespoiler/quantum/quantum.o
                0x000000000800249a                post_process_record_kb
 *fill*         0x00000000080024a2        0x2 
 .text.get_event_keycode
                0x00000000080024a4       0x4c .build/obj_preonic_rev3_drop_doublespoiler/quantum/quantum.o
                0x00000000080024a4                get_event_keycode
 .text.get_record_keycode
                0x00000000080024f0       0x18 .build/obj_preonic_rev3_drop_doublespoiler/quantum/quantum.o
                0x00000000080024f0                get_record_keycode
 .text.pre_process_record_quantum
                0x0000000008002508        0x4 .build/obj_preonic_rev3_drop_doublespoiler/quantum/quantum.o
                0x0000000008002508                pre_process_record_quantum
 .text.post_process_record_quantum
                0x000000000800250c       0x12 .build/obj_preonic_rev3_drop_doublespoiler/quantum/quantum.o
                0x000000000800250c                post_process_record_quantum
 .text.matrix_init_quantum
                0x000000000800251e        0x4 .build/obj_preonic_rev3_drop_doublespoiler/quantum/quantum.o
                0x000000000800251e                matrix_init_quantum
 .text.matrix_scan_quantum
                0x0000000008002522        0x4 .build/obj_preonic_rev3_drop_doublespoiler/quantum/quantum.o
                0x0000000008002522                matrix_scan_quantum
 *fill*         0x0000000008002526        0x2 
 .text.shutdown_quantum
                0x0000000008002528       0x3c .build/obj_preonic_rev3_drop_doublespoiler/quantum/quantum.o
                0x0000000008002528                shutdown_quantum
 .text.reset_keyboard
                0x0000000008002564        0xe .build/obj_preonic_rev3_drop_doublespoiler/quantum/quantum.o
                0x0000000008002564                reset_keyboard
 .text.soft_reset_keyboard
                0x0000000008002572        0xe .build/obj_preonic_rev3_drop_doublespoiler/quantum/quantum.o
                0x0000000008002572                soft_reset_keyboard
 .text.process_record_quantum
                0x0000000008002580       0xcc .build/obj_preonic_rev3_drop_doublespoiler/quantum/quantum.o
                0x0000000008002580                process_record_quantum
 .text.suspend_power_down_quantum
                0x000000000800264c       0x12 .build/obj_preonic_rev3_drop_doublespoiler/quantum/quantum.o
                0x000000000800264c                suspend_power_down_quantum
 .text.suspend_wakeup_init_quantum
                0x000000000800265e        0xe .build/obj_preonic_rev3_drop_doublespoiler/quantum/quantum.o
                0x000000000800265e                suspend_wakeup_init_quantum
 .text.get_numeric_str
                0x000000000800266c       0x36 .build/obj_preonic_rev3_drop_doublespoiler/quantum/quantum.o
                0x000000000800266c                get_numeric_str
 *fill*         0x00000000080026a2        0x2 
 .text.get_u16_str
                0x00000000080026a4       0x3c .build/obj_preonic_rev3_drop_doublespoiler/quantum/quantum.o
                0x00000000080026a4                get_u16_str
 .text.send_char
                0x00000000080026e0       0x70 .build/obj_preonic_rev3_drop_doublespoiler/quantum/send_string.o
                0x00000000080026e0                send_char
 .text.send_string_with_delay
                0x0000000008002750       0x98 .build/obj_preonic_rev3_drop_doublespoiler/quantum/send_string.o
                0x0000000008002750                send_string_with_delay
 .text.send_string
                0x00000000080027e8        0x6 .build/obj_preonic_rev3_drop_doublespoiler/quantum/send_string.o
                0x00000000080027e8                send_string
 .text.biton32  0x00000000080027ee       0x36 .build/obj_preonic_rev3_drop_doublespoiler/quantum/bitwise.o
                0x00000000080027ee                biton32
 .text.led_set_user
                0x0000000008002824        0x2 .build/obj_preonic_rev3_drop_doublespoiler/quantum/led.o
                0x0000000008002824                led_set_user
 .text.led_set_kb
                0x0000000008002826        0x8 .build/obj_preonic_rev3_drop_doublespoiler/quantum/led.o
                0x0000000008002826                led_set_kb
 .text.led_update_user
                0x000000000800282e        0x4 .build/obj_preonic_rev3_drop_doublespoiler/quantum/led.o
                0x000000000800282e                led_update_user
 .text.led_update_kb
                0x0000000008002832        0x8 .build/obj_preonic_rev3_drop_doublespoiler/quantum/led.o
                0x0000000008002832                led_update_kb
 .text.led_init_ports
                0x000000000800283a        0x2 .build/obj_preonic_rev3_drop_doublespoiler/quantum/led.o
                0x000000000800283a                led_init_ports
 .text.led_set  0x000000000800283c       0x10 .build/obj_preonic_rev3_drop_doublespoiler/quantum/led.o
                0x000000000800283c                led_set
 .text.led_suspend
                0x000000000800284c        0xa .build/obj_preonic_rev3_drop_doublespoiler/quantum/led.o
                0x000000000800284c                led_suspend
 .text.led_wakeup
                0x0000000008002856        0xc .build/obj_preonic_rev3_drop_doublespoiler/quantum/led.o
                0x0000000008002856                led_wakeup
 *fill*         0x0000000008002862        0x2 
 .text.led_task
                0x0000000008002864       0x1c .build/obj_preonic_rev3_drop_doublespoiler/quantum/led.o
                0x0000000008002864                led_task
 .text.action_exec
                0x0000000008002880       0x52 .build/obj_preonic_rev3_drop_doublespoiler/quantum/action.o
                0x0000000008002880                action_exec
 .text.process_record_tap_hint
                0x00000000080028d2        0x6 .build/obj_preonic_rev3_drop_doublespoiler/quantum/action.o
                0x00000000080028d2                process_record_tap_hint
 .text.register_code
                0x00000000080028d8       0xf4 .build/obj_preonic_rev3_drop_doublespoiler/quantum/action.o
                0x00000000080028d8                register_code
 .text.unregister_code
                0x00000000080029cc       0xaa .build/obj_preonic_rev3_drop_doublespoiler/quantum/action.o
                0x00000000080029cc                unregister_code
 .text.tap_code_delay
                0x0000000008002a76       0x20 .build/obj_preonic_rev3_drop_doublespoiler/quantum/action.o
                0x0000000008002a76                tap_code_delay
 .text.tap_code
                0x0000000008002a96       0x10 .build/obj_preonic_rev3_drop_doublespoiler/quantum/action.o
                0x0000000008002a96                tap_code
 .text.register_mods
                0x0000000008002aa6       0x12 .build/obj_preonic_rev3_drop_doublespoiler/quantum/action.o
                0x0000000008002aa6                register_mods
 .text.unregister_mods
                0x0000000008002ab8       0x12 .build/obj_preonic_rev3_drop_doublespoiler/quantum/action.o
                0x0000000008002ab8                unregister_mods
 *fill*         0x0000000008002aca        0x2 
 .text.process_action
                0x0000000008002acc      0x3b8 .build/obj_preonic_rev3_drop_doublespoiler/quantum/action.o
                0x0000000008002acc                process_action
 .text.process_record_handler
                0x0000000008002e84       0x26 .build/obj_preonic_rev3_drop_doublespoiler/quantum/action.o
                0x0000000008002e84                process_record_handler
 *fill*         0x0000000008002eaa        0x2 
 .text.process_record
                0x0000000008002eac       0x58 .build/obj_preonic_rev3_drop_doublespoiler/quantum/action.o
                0x0000000008002eac                process_record
 .text.clear_keyboard_but_mods_and_keys
                0x0000000008002f04       0x1a .build/obj_preonic_rev3_drop_doublespoiler/quantum/action.o
                0x0000000008002f04                clear_keyboard_but_mods_and_keys
 .text.clear_keyboard_but_mods
                0x0000000008002f1e        0xe .build/obj_preonic_rev3_drop_doublespoiler/quantum/action.o
                0x0000000008002f1e                clear_keyboard_but_mods
 .text.clear_keyboard
                0x0000000008002f2c        0xe .build/obj_preonic_rev3_drop_doublespoiler/quantum/action.o
                0x0000000008002f2c                clear_keyboard
 .text.is_tap_action
                0x0000000008002f3a       0x42 .build/obj_preonic_rev3_drop_doublespoiler/quantum/action.o
                0x0000000008002f3a                is_tap_action
 .text.is_tap_record
                0x0000000008002f7c       0x10 .build/obj_preonic_rev3_drop_doublespoiler/quantum/action.o
                0x0000000008002f7c                is_tap_record
 .text.debug_event
                0x0000000008002f8c        0xc .build/obj_preonic_rev3_drop_doublespoiler/quantum/action.o
                0x0000000008002f8c                debug_event
 .text.debug_record
                0x0000000008002f98        0xc .build/obj_preonic_rev3_drop_doublespoiler/quantum/action.o
                0x0000000008002f98                debug_record
 .text.default_layer_state_set_user
                0x0000000008002fa4        0x2 .build/obj_preonic_rev3_drop_doublespoiler/quantum/action_layer.o
                0x0000000008002fa4                default_layer_state_set_user
 .text.default_layer_state_set_kb
                0x0000000008002fa6        0x8 .build/obj_preonic_rev3_drop_doublespoiler/quantum/action_layer.o
                0x0000000008002fa6                default_layer_state_set_kb
 *fill*         0x0000000008002fae        0x2 
 .text.default_layer_state_set
                0x0000000008002fb0       0x18 .build/obj_preonic_rev3_drop_doublespoiler/quantum/action_layer.o
 .text.default_layer_debug
                0x0000000008002fc8        0x2 .build/obj_preonic_rev3_drop_doublespoiler/quantum/action_layer.o
                0x0000000008002fc8                default_layer_debug
 .text.default_layer_set
                0x0000000008002fca        0x4 .build/obj_preonic_rev3_drop_doublespoiler/quantum/action_layer.o
                0x0000000008002fca                default_layer_set
 *fill*         0x0000000008002fce        0x2 
 .text.default_layer_or
                0x0000000008002fd0       0x10 .build/obj_preonic_rev3_drop_doublespoiler/quantum/action_layer.o
                0x0000000008002fd0                default_layer_or
 .text.default_layer_and
                0x0000000008002fe0       0x10 .build/obj_preonic_rev3_drop_doublespoiler/quantum/action_layer.o
                0x0000000008002fe0                default_layer_and
 .text.default_layer_xor
                0x0000000008002ff0       0x10 .build/obj_preonic_rev3_drop_doublespoiler/quantum/action_layer.o
                0x0000000008002ff0                default_layer_xor
 .text.layer_state_set_user
                0x0000000008003000        0x2 .build/obj_preonic_rev3_drop_doublespoiler/quantum/action_layer.o
                0x0000000008003000                layer_state_set_user
 .text.layer_state_set_kb
                0x0000000008003002        0x8 .build/obj_preonic_rev3_drop_doublespoiler/quantum/action_layer.o
                0x0000000008003002                layer_state_set_kb
 *fill*         0x000000000800300a        0x2 
 .text.layer_state_set
                0x000000000800300c       0x18 .build/obj_preonic_rev3_drop_doublespoiler/quantum/action_layer.o
                0x000000000800300c                layer_state_set
 .text.layer_clear
                0x0000000008003024        0x6 .build/obj_preonic_rev3_drop_doublespoiler/quantum/action_layer.o
                0x0000000008003024                layer_clear
 .text.layer_move
                0x000000000800302a        0xa .build/obj_preonic_rev3_drop_doublespoiler/quantum/action_layer.o
                0x000000000800302a                layer_move
 .text.layer_on
                0x0000000008003034       0x14 .build/obj_preonic_rev3_drop_doublespoiler/quantum/action_layer.o
                0x0000000008003034                layer_on
 .text.layer_off
                0x0000000008003048       0x18 .build/obj_preonic_rev3_drop_doublespoiler/quantum/action_layer.o
                0x0000000008003048                layer_off
 .text.layer_invert
                0x0000000008003060       0x14 .build/obj_preonic_rev3_drop_doublespoiler/quantum/action_layer.o
                0x0000000008003060                layer_invert
 .text.layer_or
                0x0000000008003074       0x10 .build/obj_preonic_rev3_drop_doublespoiler/quantum/action_layer.o
                0x0000000008003074                layer_or
 .text.layer_and
                0x0000000008003084       0x10 .build/obj_preonic_rev3_drop_doublespoiler/quantum/action_layer.o
                0x0000000008003084                layer_and
 .text.layer_xor
                0x0000000008003094       0x10 .build/obj_preonic_rev3_drop_doublespoiler/quantum/action_layer.o
                0x0000000008003094                layer_xor
 .text.layer_debug
                0x00000000080030a4        0x2 .build/obj_preonic_rev3_drop_doublespoiler/quantum/action_layer.o
                0x00000000080030a4                layer_debug
 .text.update_source_layers_cache_impl
                0x00000000080030a6       0x34 .build/obj_preonic_rev3_drop_doublespoiler/quantum/action_layer.o
                0x00000000080030a6                update_source_layers_cache_impl
 .text.read_source_layers_cache_impl
                0x00000000080030da       0x28 .build/obj_preonic_rev3_drop_doublespoiler/quantum/action_layer.o
                0x00000000080030da                read_source_layers_cache_impl
 *fill*         0x0000000008003102        0x2 
 .text.update_source_layers_cache
                0x0000000008003104       0x3c .build/obj_preonic_rev3_drop_doublespoiler/quantum/action_layer.o
                0x0000000008003104                update_source_layers_cache
 .text.read_source_layers_cache
                0x0000000008003140       0x30 .build/obj_preonic_rev3_drop_doublespoiler/quantum/action_layer.o
                0x0000000008003140                read_source_layers_cache
 .text.layer_switch_get_layer
                0x0000000008003170       0x40 .build/obj_preonic_rev3_drop_doublespoiler/quantum/action_layer.o
                0x0000000008003170                layer_switch_get_layer
 .text.layer_switch_get_action
                0x00000000080031b0       0x18 .build/obj_preonic_rev3_drop_doublespoiler/quantum/action_layer.o
                0x00000000080031b0                layer_switch_get_action
 .text.store_or_get_action
                0x00000000080031c8       0x48 .build/obj_preonic_rev3_drop_doublespoiler/quantum/action_layer.o
                0x00000000080031c8                store_or_get_action
 .text.debug_waiting_buffer
                0x0000000008003210       0x40 .build/obj_preonic_rev3_drop_doublespoiler/quantum/action_tapping.o
 .text.debug_tapping_key
                0x0000000008003250       0x20 .build/obj_preonic_rev3_drop_doublespoiler/quantum/action_tapping.o
 .text.waiting_buffer_scan_tap
                0x0000000008003270       0xa4 .build/obj_preonic_rev3_drop_doublespoiler/quantum/action_tapping.o
 .text.process_tapping
                0x0000000008003314      0x344 .build/obj_preonic_rev3_drop_doublespoiler/quantum/action_tapping.o
 .text.action_tapping_process
                0x0000000008003658       0xdc .build/obj_preonic_rev3_drop_doublespoiler/quantum/action_tapping.o
                0x0000000008003658                action_tapping_process
 .text.add_key  0x0000000008003734       0x10 .build/obj_preonic_rev3_drop_doublespoiler/quantum/action_util.o
                0x0000000008003734                add_key
 .text.del_key  0x0000000008003744       0x10 .build/obj_preonic_rev3_drop_doublespoiler/quantum/action_util.o
                0x0000000008003744                del_key
 .text.clear_keys
                0x0000000008003754        0xc .build/obj_preonic_rev3_drop_doublespoiler/quantum/action_util.o
                0x0000000008003754                clear_keys
 .text.get_oneshot_layer
                0x0000000008003760       0x10 .build/obj_preonic_rev3_drop_doublespoiler/quantum/action_util.o
                0x0000000008003760                get_oneshot_layer
 .text.get_oneshot_layer_state
                0x0000000008003770       0x10 .build/obj_preonic_rev3_drop_doublespoiler/quantum/action_util.o
                0x0000000008003770                get_oneshot_layer_state
 .text.is_oneshot_layer_active
                0x0000000008003780       0x14 .build/obj_preonic_rev3_drop_doublespoiler/quantum/action_util.o
                0x0000000008003780                is_oneshot_layer_active
 .text.get_mods
                0x0000000008003794        0xc .build/obj_preonic_rev3_drop_doublespoiler/quantum/action_util.o
                0x0000000008003794                get_mods
 .text.add_mods
                0x00000000080037a0       0x10 .build/obj_preonic_rev3_drop_doublespoiler/quantum/action_util.o
                0x00000000080037a0                add_mods
 .text.del_mods
                0x00000000080037b0       0x10 .build/obj_preonic_rev3_drop_doublespoiler/quantum/action_util.o
                0x00000000080037b0                del_mods
 .text.clear_mods
                0x00000000080037c0        0xc .build/obj_preonic_rev3_drop_doublespoiler/quantum/action_util.o
                0x00000000080037c0                clear_mods
 .text.add_weak_mods
                0x00000000080037cc       0x10 .build/obj_preonic_rev3_drop_doublespoiler/quantum/action_util.o
                0x00000000080037cc                add_weak_mods
 .text.del_weak_mods
                0x00000000080037dc       0x10 .build/obj_preonic_rev3_drop_doublespoiler/quantum/action_util.o
                0x00000000080037dc                del_weak_mods
 .text.clear_weak_mods
                0x00000000080037ec        0xc .build/obj_preonic_rev3_drop_doublespoiler/quantum/action_util.o
                0x00000000080037ec                clear_weak_mods
 .text.get_oneshot_mods
                0x00000000080037f8        0xc .build/obj_preonic_rev3_drop_doublespoiler/quantum/action_util.o
                0x00000000080037f8                get_oneshot_mods
 .text.oneshot_mods_changed_user
                0x0000000008003804        0x2 .build/obj_preonic_rev3_drop_doublespoiler/quantum/action_util.o
                0x0000000008003804                oneshot_mods_changed_user
 .text.oneshot_mods_changed_kb
                0x0000000008003806        0x8 .build/obj_preonic_rev3_drop_doublespoiler/quantum/action_util.o
                0x0000000008003806                oneshot_mods_changed_kb
 *fill*         0x000000000800380e        0x2 
 .text.set_oneshot_mods
                0x0000000008003810       0x24 .build/obj_preonic_rev3_drop_doublespoiler/quantum/action_util.o
                0x0000000008003810                set_oneshot_mods
 .text.clear_oneshot_mods
                0x0000000008003834       0x18 .build/obj_preonic_rev3_drop_doublespoiler/quantum/action_util.o
                0x0000000008003834                clear_oneshot_mods
 .text.send_keyboard_report
                0x000000000800384c       0x60 .build/obj_preonic_rev3_drop_doublespoiler/quantum/action_util.o
                0x000000000800384c                send_keyboard_report
 .text.oneshot_layer_changed_user
                0x00000000080038ac        0x2 .build/obj_preonic_rev3_drop_doublespoiler/quantum/action_util.o
                0x00000000080038ac                oneshot_layer_changed_user
 .text.oneshot_layer_changed_kb
                0x00000000080038ae        0x8 .build/obj_preonic_rev3_drop_doublespoiler/quantum/action_util.o
                0x00000000080038ae                oneshot_layer_changed_kb
 *fill*         0x00000000080038b6        0x2 
 .text.set_oneshot_layer
                0x00000000080038b8       0x34 .build/obj_preonic_rev3_drop_doublespoiler/quantum/action_util.o
                0x00000000080038b8                set_oneshot_layer
 .text.reset_oneshot_layer
                0x00000000080038ec       0x14 .build/obj_preonic_rev3_drop_doublespoiler/quantum/action_util.o
                0x00000000080038ec                reset_oneshot_layer
 .text.clear_oneshot_layer_state
                0x0000000008003900       0x3c .build/obj_preonic_rev3_drop_doublespoiler/quantum/action_util.o
                0x0000000008003900                clear_oneshot_layer_state
 .text.oneshot_set
                0x000000000800393c       0x2c .build/obj_preonic_rev3_drop_doublespoiler/quantum/action_util.o
                0x000000000800393c                oneshot_set
 .text.oneshot_toggle
                0x0000000008003968       0x18 .build/obj_preonic_rev3_drop_doublespoiler/quantum/action_util.o
                0x0000000008003968                oneshot_toggle
 .text.oneshot_enable
                0x0000000008003980        0x6 .build/obj_preonic_rev3_drop_doublespoiler/quantum/action_util.o
                0x0000000008003980                oneshot_enable
 .text.oneshot_disable
                0x0000000008003986        0x6 .build/obj_preonic_rev3_drop_doublespoiler/quantum/action_util.o
                0x0000000008003986                oneshot_disable
 .text.eeconfig_is_enabled
                0x000000000800398c       0x14 .build/obj_preonic_rev3_drop_doublespoiler/quantum/eeconfig.o
                0x000000000800398c                eeconfig_is_enabled
 .text.eeconfig_read_debug
                0x00000000080039a0        0x6 .build/obj_preonic_rev3_drop_doublespoiler/quantum/eeconfig.o
                0x00000000080039a0                eeconfig_read_debug
 .text.eeconfig_read_default_layer
                0x00000000080039a6        0x6 .build/obj_preonic_rev3_drop_doublespoiler/quantum/eeconfig.o
                0x00000000080039a6                eeconfig_read_default_layer
 .text.eeconfig_update_default_layer
                0x00000000080039ac        0x8 .build/obj_preonic_rev3_drop_doublespoiler/quantum/eeconfig.o
                0x00000000080039ac                eeconfig_update_default_layer
 .text.eeconfig_read_keymap
                0x00000000080039b4       0x18 .build/obj_preonic_rev3_drop_doublespoiler/quantum/eeconfig.o
                0x00000000080039b4                eeconfig_read_keymap
 .text.eeconfig_update_keymap
                0x00000000080039cc       0x18 .build/obj_preonic_rev3_drop_doublespoiler/quantum/eeconfig.o
                0x00000000080039cc                eeconfig_update_keymap
 .text.eeconfig_read_audio
                0x00000000080039e4        0x6 .build/obj_preonic_rev3_drop_doublespoiler/quantum/eeconfig.o
                0x00000000080039e4                eeconfig_read_audio
 .text.eeconfig_update_audio
                0x00000000080039ea        0x8 .build/obj_preonic_rev3_drop_doublespoiler/quantum/eeconfig.o
                0x00000000080039ea                eeconfig_update_audio
 .text.eeconfig_update_kb
                0x00000000080039f2        0x8 .build/obj_preonic_rev3_drop_doublespoiler/quantum/eeconfig.o
                0x00000000080039f2                eeconfig_update_kb
 .text.eeconfig_update_user
                0x00000000080039fa        0x8 .build/obj_preonic_rev3_drop_doublespoiler/quantum/eeconfig.o
                0x00000000080039fa                eeconfig_update_user
 .text.eeconfig_init_user
                0x0000000008003a02        0x6 .build/obj_preonic_rev3_drop_doublespoiler/quantum/eeconfig.o
                0x0000000008003a02                eeconfig_init_user
 .text.eeconfig_init_kb
                0x0000000008003a08        0xe .build/obj_preonic_rev3_drop_doublespoiler/quantum/eeconfig.o
                0x0000000008003a08                eeconfig_init_kb
 *fill*         0x0000000008003a16        0x2 
 .text.eeconfig_init_quantum
                0x0000000008003a18       0x90 .build/obj_preonic_rev3_drop_doublespoiler/quantum/eeconfig.o
                0x0000000008003a18                eeconfig_init_quantum
 .text.eeconfig_init
                0x0000000008003aa8        0x4 .build/obj_preonic_rev3_drop_doublespoiler/quantum/eeconfig.o
                0x0000000008003aa8                eeconfig_init
 .text.eeconfig_update_handedness
                0x0000000008003aac        0x8 .build/obj_preonic_rev3_drop_doublespoiler/quantum/eeconfig.o
                0x0000000008003aac                eeconfig_update_handedness
 .text.last_matrix_activity_trigger
                0x0000000008003ab4       0x18 .build/obj_preonic_rev3_drop_doublespoiler/quantum/keyboard.o
                0x0000000008003ab4                last_matrix_activity_trigger
 .text.last_encoder_activity_trigger
                0x0000000008003acc       0x18 .build/obj_preonic_rev3_drop_doublespoiler/quantum/keyboard.o
                0x0000000008003acc                last_encoder_activity_trigger
 .text.matrix_setup
                0x0000000008003ae4        0x2 .build/obj_preonic_rev3_drop_doublespoiler/quantum/keyboard.o
                0x0000000008003ae4                matrix_setup
 .text.keyboard_pre_init_user
                0x0000000008003ae6        0x2 .build/obj_preonic_rev3_drop_doublespoiler/quantum/keyboard.o
                0x0000000008003ae6                keyboard_pre_init_user
 .text.keyboard_pre_init_kb
                0x0000000008003ae8        0x8 .build/obj_preonic_rev3_drop_doublespoiler/quantum/keyboard.o
                0x0000000008003ae8                keyboard_pre_init_kb
 .text.keyboard_post_init_user
                0x0000000008003af0        0x2 .build/obj_preonic_rev3_drop_doublespoiler/quantum/keyboard.o
                0x0000000008003af0                keyboard_post_init_user
 .text.keyboard_post_init_kb
                0x0000000008003af2        0x8 .build/obj_preonic_rev3_drop_doublespoiler/quantum/keyboard.o
                0x0000000008003af2                keyboard_post_init_kb
 *fill*         0x0000000008003afa        0x2 
 .text.keyboard_setup
                0x0000000008003afc       0x1c .build/obj_preonic_rev3_drop_doublespoiler/quantum/keyboard.o
                0x0000000008003afc                keyboard_setup
 .text.is_keyboard_master
                0x0000000008003b18        0x4 .build/obj_preonic_rev3_drop_doublespoiler/quantum/keyboard.o
                0x0000000008003b18                is_keyboard_master
 .text.should_process_keypress
                0x0000000008003b1c        0x8 .build/obj_preonic_rev3_drop_doublespoiler/quantum/keyboard.o
                0x0000000008003b1c                should_process_keypress
 .text.housekeeping_task_kb
                0x0000000008003b24        0x2 .build/obj_preonic_rev3_drop_doublespoiler/quantum/keyboard.o
                0x0000000008003b24                housekeeping_task_kb
 .text.housekeeping_task_user
                0x0000000008003b26        0x2 .build/obj_preonic_rev3_drop_doublespoiler/quantum/keyboard.o
                0x0000000008003b26                housekeeping_task_user
 .text.housekeeping_task
                0x0000000008003b28        0xc .build/obj_preonic_rev3_drop_doublespoiler/quantum/keyboard.o
                0x0000000008003b28                housekeeping_task
 .text.quantum_init
                0x0000000008003b34       0x12 .build/obj_preonic_rev3_drop_doublespoiler/quantum/keyboard.o
                0x0000000008003b34                quantum_init
 .text.keyboard_init
                0x0000000008003b46       0x20 .build/obj_preonic_rev3_drop_doublespoiler/quantum/keyboard.o
                0x0000000008003b46                keyboard_init
 *fill*         0x0000000008003b66        0x2 
 .text.matrix_scan_task
                0x0000000008003b68       0xcc .build/obj_preonic_rev3_drop_doublespoiler/quantum/keyboard.o
                0x0000000008003b68                matrix_scan_task
 .text.quantum_task
                0x0000000008003c34       0x10 .build/obj_preonic_rev3_drop_doublespoiler/quantum/keyboard.o
                0x0000000008003c34                quantum_task
 .text.keyboard_task
                0x0000000008003c44       0x20 .build/obj_preonic_rev3_drop_doublespoiler/quantum/keyboard.o
                0x0000000008003c44                keyboard_task
 .text.action_for_keycode
                0x0000000008003c64      0x150 .build/obj_preonic_rev3_drop_doublespoiler/quantum/keymap_common.o
                0x0000000008003c64                action_for_keycode
 .text.keymap_key_to_keycode
                0x0000000008003db4       0x34 .build/obj_preonic_rev3_drop_doublespoiler/quantum/keymap_common.o
                0x0000000008003db4                keymap_key_to_keycode
 .text.action_for_key
                0x0000000008003de8       0x16 .build/obj_preonic_rev3_drop_doublespoiler/quantum/keymap_common.o
                0x0000000008003de8                action_for_key
 *fill*         0x0000000008003dfe        0x2 
 .text.keycode_config
                0x0000000008003e00      0x100 .build/obj_preonic_rev3_drop_doublespoiler/quantum/keycode_config.o
                0x0000000008003e00                keycode_config
 .text.mod_config
                0x0000000008003f00       0xac .build/obj_preonic_rev3_drop_doublespoiler/quantum/keycode_config.o
                0x0000000008003f00                mod_config
 .text.sendchar
                0x0000000008003fac        0x4 .build/obj_preonic_rev3_drop_doublespoiler/quantum/logging/sendchar.o
                0x0000000008003fac                sendchar
 .text.null_sendchar_func
                0x0000000008003fb0        0x4 .build/obj_preonic_rev3_drop_doublespoiler/quantum/logging/print.o
 .text.print_set_sendchar
                0x0000000008003fb4        0xc .build/obj_preonic_rev3_drop_doublespoiler/quantum/logging/print.o
                0x0000000008003fb4                print_set_sendchar
 .text.bootmagic
                0x0000000008003fc0        0x2 .build/obj_preonic_rev3_drop_doublespoiler/quantum/bootmagic/magic.o
                0x0000000008003fc0                bootmagic
 *fill*         0x0000000008003fc2        0x2 
 .text.magic    0x0000000008003fc4       0x40 .build/obj_preonic_rev3_drop_doublespoiler/quantum/bootmagic/magic.o
                0x0000000008003fc4                magic
 .text.protocol_init
                0x0000000008004004       0x12 .build/obj_preonic_rev3_drop_doublespoiler/quantum/main.o
                0x0000000008004004                protocol_init
 .text.protocol_task
                0x0000000008004016       0x12 .build/obj_preonic_rev3_drop_doublespoiler/quantum/main.o
                0x0000000008004016                protocol_task
 .text.startup.main
                0x0000000008004028       0x1c .build/obj_preonic_rev3_drop_doublespoiler/quantum/main.o
                0x0000000008004028                main
 *fill*         0x0000000008004044        0x4 
 .text.compute_freq_for_midi_note
                0x0000000008004048       0x4c .build/obj_preonic_rev3_drop_doublespoiler/quantum/process_keycode/process_audio.o
                0x0000000008004048                compute_freq_for_midi_note
 .text.process_audio
                0x0000000008004094       0x74 .build/obj_preonic_rev3_drop_doublespoiler/quantum/process_keycode/process_audio.o
                0x0000000008004094                process_audio
 .text.process_audio_noteon
                0x0000000008004108        0xe .build/obj_preonic_rev3_drop_doublespoiler/quantum/process_keycode/process_audio.o
                0x0000000008004108                process_audio_noteon
 .text.process_audio_noteoff
                0x0000000008004116        0xe .build/obj_preonic_rev3_drop_doublespoiler/quantum/process_keycode/process_audio.o
                0x0000000008004116                process_audio_noteoff
 .text.process_audio_all_notes_off
                0x0000000008004124        0x4 .build/obj_preonic_rev3_drop_doublespoiler/quantum/process_keycode/process_audio.o
                0x0000000008004124                process_audio_all_notes_off
 .text.audio_on_user
                0x0000000008004128        0x2 .build/obj_preonic_rev3_drop_doublespoiler/quantum/process_keycode/process_audio.o
                0x0000000008004128                audio_on_user
 .text.audio_off_user
                0x000000000800412a        0x2 .build/obj_preonic_rev3_drop_doublespoiler/quantum/process_keycode/process_audio.o
                0x000000000800412a                audio_off_user
 .text.audio_is_on
                0x000000000800412c       0x10 .build/obj_preonic_rev3_drop_doublespoiler/quantum/audio/audio.o
                0x000000000800412c                audio_is_on
 .text.audio_stop_all
                0x000000000800413c       0x54 .build/obj_preonic_rev3_drop_doublespoiler/quantum/audio/audio.o
                0x000000000800413c                audio_stop_all
 .text.audio_get_processed_frequency
                0x0000000008004190       0x3c .build/obj_preonic_rev3_drop_doublespoiler/quantum/audio/audio.o
                0x0000000008004190                audio_get_processed_frequency
 .text.audio_duration_to_ms
                0x00000000080041cc       0x44 .build/obj_preonic_rev3_drop_doublespoiler/quantum/audio/audio.o
                0x00000000080041cc                audio_duration_to_ms
 .text.audio_play_melody
                0x0000000008004210       0xb8 .build/obj_preonic_rev3_drop_doublespoiler/quantum/audio/audio.o
                0x0000000008004210                audio_play_melody
 .text.audio_startup
                0x00000000080042c8       0x2c .build/obj_preonic_rev3_drop_doublespoiler/quantum/audio/audio.o
                0x00000000080042c8                audio_startup
 .text.audio_init
                0x00000000080042f4       0x5c .build/obj_preonic_rev3_drop_doublespoiler/quantum/audio/audio.o
                0x00000000080042f4                audio_init
 .text.audio_stop_tone
                0x0000000008004350       0xbc .build/obj_preonic_rev3_drop_doublespoiler/quantum/audio/audio.o
                0x0000000008004350                audio_stop_tone
 .text.audio_play_note
                0x000000000800440c      0x104 .build/obj_preonic_rev3_drop_doublespoiler/quantum/audio/audio.o
                0x000000000800440c                audio_play_note
 .text.audio_play_tone
                0x0000000008004510        0x8 .build/obj_preonic_rev3_drop_doublespoiler/quantum/audio/audio.o
                0x0000000008004510                audio_play_tone
 .text.audio_on
                0x0000000008004518       0x2c .build/obj_preonic_rev3_drop_doublespoiler/quantum/audio/audio.o
                0x0000000008004518                audio_on
 .text.audio_off
                0x0000000008004544       0x38 .build/obj_preonic_rev3_drop_doublespoiler/quantum/audio/audio.o
                0x0000000008004544                audio_off
 .text.audio_update_state
                0x000000000800457c      0x1d4 .build/obj_preonic_rev3_drop_doublespoiler/quantum/audio/audio.o
                0x000000000800457c                audio_update_state
 .text.channel_1_start
                0x0000000008004750       0x2c .build/obj_preonic_rev3_drop_doublespoiler/platforms/chibios/drivers/audio_dac_basic.o
                0x0000000008004750                channel_1_start
 .text.channel_1_stop
                0x000000000800477c       0x24 .build/obj_preonic_rev3_drop_doublespoiler/platforms/chibios/drivers/audio_dac_basic.o
                0x000000000800477c                channel_1_stop
 .text.channel_1_set_frequency
                0x00000000080047a0       0x54 .build/obj_preonic_rev3_drop_doublespoiler/platforms/chibios/drivers/audio_dac_basic.o
                0x00000000080047a0                channel_1_set_frequency
 .text.channel_2_start
                0x00000000080047f4       0x2c .build/obj_preonic_rev3_drop_doublespoiler/platforms/chibios/drivers/audio_dac_basic.o
                0x00000000080047f4                channel_2_start
 .text.channel_2_stop
                0x0000000008004820       0x24 .build/obj_preonic_rev3_drop_doublespoiler/platforms/chibios/drivers/audio_dac_basic.o
                0x0000000008004820                channel_2_stop
 .text.channel_2_set_frequency
                0x0000000008004844       0x54 .build/obj_preonic_rev3_drop_doublespoiler/platforms/chibios/drivers/audio_dac_basic.o
                0x0000000008004844                channel_2_set_frequency
 .text.gpt_audio_state_cb
                0x0000000008004898       0x22 .build/obj_preonic_rev3_drop_doublespoiler/platforms/chibios/drivers/audio_dac_basic.o
 *fill*         0x00000000080048ba        0x2 
 .text.audio_driver_initialize
                0x00000000080048bc       0x8c .build/obj_preonic_rev3_drop_doublespoiler/platforms/chibios/drivers/audio_dac_basic.o
                0x00000000080048bc                audio_driver_initialize
 .text.audio_driver_stop
                0x0000000008004948       0x50 .build/obj_preonic_rev3_drop_doublespoiler/platforms/chibios/drivers/audio_dac_basic.o
                0x0000000008004948                audio_driver_stop
 .text.audio_driver_start
                0x0000000008004998       0x48 .build/obj_preonic_rev3_drop_doublespoiler/platforms/chibios/drivers/audio_dac_basic.o
                0x0000000008004998                audio_driver_start
 .text.voice_iterate
                0x00000000080049e0        0xc .build/obj_preonic_rev3_drop_doublespoiler/quantum/audio/voices.o
                0x00000000080049e0                voice_iterate
 .text.voice_deiterate
                0x00000000080049ec        0xc .build/obj_preonic_rev3_drop_doublespoiler/quantum/audio/voices.o
                0x00000000080049ec                voice_deiterate
 .text.voice_envelope
                0x00000000080049f8       0x14 .build/obj_preonic_rev3_drop_doublespoiler/quantum/audio/voices.o
                0x00000000080049f8                voice_envelope
 .text.music_all_notes_off
                0x0000000008004a0c       0x10 .build/obj_preonic_rev3_drop_doublespoiler/quantum/process_keycode/process_music.o
                0x0000000008004a0c                music_all_notes_off
 .text.music_off
                0x0000000008004a1c       0x20 .build/obj_preonic_rev3_drop_doublespoiler/quantum/process_keycode/process_music.o
                0x0000000008004a1c                music_off
 .text.midi_off
                0x0000000008004a3c       0x18 .build/obj_preonic_rev3_drop_doublespoiler/quantum/process_keycode/process_music.o
                0x0000000008004a3c                midi_off
 .text.music_mode_cycle
                0x0000000008004a54       0x30 .build/obj_preonic_rev3_drop_doublespoiler/quantum/process_keycode/process_music.o
                0x0000000008004a54                music_mode_cycle
 .text.music_task
                0x0000000008004a84       0x7c .build/obj_preonic_rev3_drop_doublespoiler/quantum/process_keycode/process_music.o
                0x0000000008004a84                music_task
 .text.music_on
                0x0000000008004b00       0x20 .build/obj_preonic_rev3_drop_doublespoiler/quantum/process_keycode/process_music.o
                0x0000000008004b00                music_on
 .text.midi_on_user
                0x0000000008004b20        0x2 .build/obj_preonic_rev3_drop_doublespoiler/quantum/process_keycode/process_music.o
                0x0000000008004b20                midi_on_user
 *fill*         0x0000000008004b22        0x2 
 .text.midi_on  0x0000000008004b24       0x20 .build/obj_preonic_rev3_drop_doublespoiler/quantum/process_keycode/process_music.o
                0x0000000008004b24                midi_on
 .text.process_music
                0x0000000008004b44      0x1ec .build/obj_preonic_rev3_drop_doublespoiler/quantum/process_keycode/process_music.o
                0x0000000008004b44                process_music
 .text.eeprom_read_byte
                0x0000000008004d30       0x1e .build/obj_preonic_rev3_drop_doublespoiler/eeprom_driver.o
                0x0000000008004d30                eeprom_read_byte
 .text.eeprom_read_word
                0x0000000008004d4e       0x1e .build/obj_preonic_rev3_drop_doublespoiler/eeprom_driver.o
                0x0000000008004d4e                eeprom_read_word
 .text.eeprom_read_dword
                0x0000000008004d6c       0x1a .build/obj_preonic_rev3_drop_doublespoiler/eeprom_driver.o
                0x0000000008004d6c                eeprom_read_dword
 .text.eeprom_write_byte
                0x0000000008004d86       0x18 .build/obj_preonic_rev3_drop_doublespoiler/eeprom_driver.o
                0x0000000008004d86                eeprom_write_byte
 .text.eeprom_write_word
                0x0000000008004d9e       0x18 .build/obj_preonic_rev3_drop_doublespoiler/eeprom_driver.o
                0x0000000008004d9e                eeprom_write_word
 .text.eeprom_write_dword
                0x0000000008004db6       0x16 .build/obj_preonic_rev3_drop_doublespoiler/eeprom_driver.o
                0x0000000008004db6                eeprom_write_dword
 .text.eeprom_update_byte
                0x0000000008004dcc       0x1c .build/obj_preonic_rev3_drop_doublespoiler/eeprom_driver.o
                0x0000000008004dcc                eeprom_update_byte
 .text.eeprom_update_word
                0x0000000008004de8       0x1c .build/obj_preonic_rev3_drop_doublespoiler/eeprom_driver.o
                0x0000000008004de8                eeprom_update_word
 .text.eeprom_update_dword
                0x0000000008004e04       0x1c .build/obj_preonic_rev3_drop_doublespoiler/eeprom_driver.o
                0x0000000008004e04                eeprom_update_dword
 .text.eeprom_clear
                0x0000000008004e20       0x40 .build/obj_preonic_rev3_drop_doublespoiler/platforms/chibios/eeprom_stm32.o
 .text.eeprom_write_direct_entry
                0x0000000008004e60       0x48 .build/obj_preonic_rev3_drop_doublespoiler/platforms/chibios/eeprom_stm32.o
 .text.eeprom_compact
                0x0000000008004ea8       0x44 .build/obj_preonic_rev3_drop_doublespoiler/platforms/chibios/eeprom_stm32.o
 .text.eeprom_write_log_word_entry
                0x0000000008004eec       0x88 .build/obj_preonic_rev3_drop_doublespoiler/platforms/chibios/eeprom_stm32.o
 .text.eeprom_write_log_byte_entry
                0x0000000008004f74       0x48 .build/obj_preonic_rev3_drop_doublespoiler/platforms/chibios/eeprom_stm32.o
 .text.EEPROM_Init
                0x0000000008004fbc       0x94 .build/obj_preonic_rev3_drop_doublespoiler/platforms/chibios/eeprom_stm32.o
                0x0000000008004fbc                EEPROM_Init
 .text.EEPROM_Erase
                0x0000000008005050        0xe .build/obj_preonic_rev3_drop_doublespoiler/platforms/chibios/eeprom_stm32.o
                0x0000000008005050                EEPROM_Erase
 *fill*         0x000000000800505e        0x2 
 .text.EEPROM_WriteDataByte
                0x0000000008005060       0x40 .build/obj_preonic_rev3_drop_doublespoiler/platforms/chibios/eeprom_stm32.o
                0x0000000008005060                EEPROM_WriteDataByte
 .text.EEPROM_WriteDataWord
                0x00000000080050a0       0x80 .build/obj_preonic_rev3_drop_doublespoiler/platforms/chibios/eeprom_stm32.o
                0x00000000080050a0                EEPROM_WriteDataWord
 .text.EEPROM_ReadDataByte
                0x0000000008005120       0x14 .build/obj_preonic_rev3_drop_doublespoiler/platforms/chibios/eeprom_stm32.o
                0x0000000008005120                EEPROM_ReadDataByte
 .text.EEPROM_ReadDataWord
                0x0000000008005134       0x28 .build/obj_preonic_rev3_drop_doublespoiler/platforms/chibios/eeprom_stm32.o
                0x0000000008005134                EEPROM_ReadDataWord
 .text.eeprom_driver_init
                0x000000000800515c        0x4 .build/obj_preonic_rev3_drop_doublespoiler/platforms/chibios/eeprom_stm32.o
                0x000000000800515c                eeprom_driver_init
 .text.eeprom_driver_erase
                0x0000000008005160        0x4 .build/obj_preonic_rev3_drop_doublespoiler/platforms/chibios/eeprom_stm32.o
                0x0000000008005160                eeprom_driver_erase
 .text.eeprom_read_block
                0x0000000008005164       0x6a .build/obj_preonic_rev3_drop_doublespoiler/platforms/chibios/eeprom_stm32.o
                0x0000000008005164                eeprom_read_block
 .text.eeprom_write_block
                0x00000000080051ce       0x60 .build/obj_preonic_rev3_drop_doublespoiler/platforms/chibios/eeprom_stm32.o
                0x00000000080051ce                eeprom_write_block
 *fill*         0x000000000800522e        0x2 
 .text.FLASH_GetStatus
                0x0000000008005230       0x34 .build/obj_preonic_rev3_drop_doublespoiler/platforms/chibios/flash_stm32.o
                0x0000000008005230                FLASH_GetStatus
 .text.FLASH_WaitForLastOperation
                0x0000000008005264       0x38 .build/obj_preonic_rev3_drop_doublespoiler/platforms/chibios/flash_stm32.o
                0x0000000008005264                FLASH_WaitForLastOperation
 .text.FLASH_ErasePage
                0x000000000800529c       0x44 .build/obj_preonic_rev3_drop_doublespoiler/platforms/chibios/flash_stm32.o
                0x000000000800529c                FLASH_ErasePage
 .text.FLASH_ProgramHalfWord
                0x00000000080052e0       0x4c .build/obj_preonic_rev3_drop_doublespoiler/platforms/chibios/flash_stm32.o
                0x00000000080052e0                FLASH_ProgramHalfWord
 .text.FLASH_Unlock
                0x000000000800532c       0x1c .build/obj_preonic_rev3_drop_doublespoiler/platforms/chibios/flash_stm32.o
                0x000000000800532c                FLASH_Unlock
 .text.FLASH_Lock
                0x0000000008005348       0x10 .build/obj_preonic_rev3_drop_doublespoiler/platforms/chibios/flash_stm32.o
                0x0000000008005348                FLASH_Lock
 .text.hsv_to_rgb_impl
                0x0000000008005358       0xe0 .build/obj_preonic_rev3_drop_doublespoiler/quantum/color.o
                0x0000000008005358                hsv_to_rgb_impl
 .text.hsv_to_rgb
                0x0000000008005438        0xa .build/obj_preonic_rev3_drop_doublespoiler/quantum/color.o
                0x0000000008005438                hsv_to_rgb
 .text.rgblight_effect_dummy
                0x0000000008005442        0x2 .build/obj_preonic_rev3_drop_doublespoiler/quantum/rgblight/rgblight.o
 .text.rgblight_hsv_to_rgb
                0x0000000008005444        0x8 .build/obj_preonic_rev3_drop_doublespoiler/quantum/rgblight/rgblight.o
                0x0000000008005444                rgblight_hsv_to_rgb
 .text.sethsv_raw
                0x000000000800544c       0x28 .build/obj_preonic_rev3_drop_doublespoiler/quantum/rgblight/rgblight.o
                0x000000000800544c                sethsv_raw
 .text.rgblight_check_config
                0x0000000008005474       0x20 .build/obj_preonic_rev3_drop_doublespoiler/quantum/rgblight/rgblight.o
                0x0000000008005474                rgblight_check_config
 .text.eeconfig_read_rgblight
                0x0000000008005494        0x6 .build/obj_preonic_rev3_drop_doublespoiler/quantum/rgblight/rgblight.o
                0x0000000008005494                eeconfig_read_rgblight
 .text.eeconfig_update_rgblight
                0x000000000800549a       0x16 .build/obj_preonic_rev3_drop_doublespoiler/quantum/rgblight/rgblight.o
                0x000000000800549a                eeconfig_update_rgblight
 .text.rgblight_increase_speed_helper.part.0
                0x00000000080054b0        0xc .build/obj_preonic_rev3_drop_doublespoiler/quantum/rgblight/rgblight.o
 .text.eeconfig_update_rgblight_default
                0x00000000080054bc       0x18 .build/obj_preonic_rev3_drop_doublespoiler/quantum/rgblight/rgblight.o
                0x00000000080054bc                eeconfig_update_rgblight_default
 .text.rgblight_get_mode
                0x00000000080054d4       0x14 .build/obj_preonic_rev3_drop_doublespoiler/quantum/rgblight/rgblight.o
                0x00000000080054d4                rgblight_get_mode
 .text.rgblight_increase_speed_helper
                0x00000000080054e8       0x18 .build/obj_preonic_rev3_drop_doublespoiler/quantum/rgblight/rgblight.o
                0x00000000080054e8                rgblight_increase_speed_helper
 .text.rgblight_increase_speed
                0x0000000008005500        0x6 .build/obj_preonic_rev3_drop_doublespoiler/quantum/rgblight/rgblight.o
                0x0000000008005500                rgblight_increase_speed
 *fill*         0x0000000008005506        0x2 
 .text.rgblight_decrease_speed_helper
                0x0000000008005508       0x18 .build/obj_preonic_rev3_drop_doublespoiler/quantum/rgblight/rgblight.o
                0x0000000008005508                rgblight_decrease_speed_helper
 .text.rgblight_decrease_speed
                0x0000000008005520        0x6 .build/obj_preonic_rev3_drop_doublespoiler/quantum/rgblight/rgblight.o
                0x0000000008005520                rgblight_decrease_speed
 *fill*         0x0000000008005526        0x2 
 .text.rgblight_get_layer_state
                0x0000000008005528       0x18 .build/obj_preonic_rev3_drop_doublespoiler/quantum/rgblight/rgblight.o
                0x0000000008005528                rgblight_get_layer_state
 .text.rgblight_call_driver
                0x0000000008005540        0x4 .build/obj_preonic_rev3_drop_doublespoiler/quantum/rgblight/rgblight.o
                0x0000000008005540                rgblight_call_driver
 .text.rgblight_set
                0x0000000008005544       0xd8 .build/obj_preonic_rev3_drop_doublespoiler/quantum/rgblight/rgblight.o
                0x0000000008005544                rgblight_set
 .text.rgblight_setrgb
                0x000000000800561c       0x48 .build/obj_preonic_rev3_drop_doublespoiler/quantum/rgblight/rgblight.o
                0x000000000800561c                rgblight_setrgb
 .text.rgblight_sethsv_noeeprom_old
                0x0000000008005664       0x2c .build/obj_preonic_rev3_drop_doublespoiler/quantum/rgblight/rgblight.o
                0x0000000008005664                rgblight_sethsv_noeeprom_old
 .text.rgblight_effect_breathing
                0x0000000008005690       0x24 .build/obj_preonic_rev3_drop_doublespoiler/quantum/rgblight/rgblight.o
                0x0000000008005690                rgblight_effect_breathing
 .text.rgblight_effect_rainbow_mood
                0x00000000080056b4       0x1c .build/obj_preonic_rev3_drop_doublespoiler/quantum/rgblight/rgblight.o
                0x00000000080056b4                rgblight_effect_rainbow_mood
 .text.rgblight_effect_rgbtest
                0x00000000080056d0       0x60 .build/obj_preonic_rev3_drop_doublespoiler/quantum/rgblight/rgblight.o
                0x00000000080056d0                rgblight_effect_rgbtest
 .text.rgblight_sethsv_eeprom_helper
                0x0000000008005730      0x104 .build/obj_preonic_rev3_drop_doublespoiler/quantum/rgblight/rgblight.o
                0x0000000008005730                rgblight_sethsv_eeprom_helper
 .text.rgblight_increase_hue_helper
                0x0000000008005834       0x1c .build/obj_preonic_rev3_drop_doublespoiler/quantum/rgblight/rgblight.o
                0x0000000008005834                rgblight_increase_hue_helper
 .text.rgblight_increase_hue
                0x0000000008005850        0x6 .build/obj_preonic_rev3_drop_doublespoiler/quantum/rgblight/rgblight.o
                0x0000000008005850                rgblight_increase_hue
 *fill*         0x0000000008005856        0x2 
 .text.rgblight_decrease_hue_helper
                0x0000000008005858       0x1c .build/obj_preonic_rev3_drop_doublespoiler/quantum/rgblight/rgblight.o
                0x0000000008005858                rgblight_decrease_hue_helper
 .text.rgblight_decrease_hue
                0x0000000008005874        0x6 .build/obj_preonic_rev3_drop_doublespoiler/quantum/rgblight/rgblight.o
                0x0000000008005874                rgblight_decrease_hue
 *fill*         0x000000000800587a        0x2 
 .text.rgblight_increase_sat_helper
                0x000000000800587c       0x24 .build/obj_preonic_rev3_drop_doublespoiler/quantum/rgblight/rgblight.o
                0x000000000800587c                rgblight_increase_sat_helper
 .text.rgblight_increase_sat
                0x00000000080058a0        0x6 .build/obj_preonic_rev3_drop_doublespoiler/quantum/rgblight/rgblight.o
                0x00000000080058a0                rgblight_increase_sat
 *fill*         0x00000000080058a6        0x2 
 .text.rgblight_decrease_sat_helper
                0x00000000080058a8       0x20 .build/obj_preonic_rev3_drop_doublespoiler/quantum/rgblight/rgblight.o
                0x00000000080058a8                rgblight_decrease_sat_helper
 .text.rgblight_decrease_sat
                0x00000000080058c8        0x6 .build/obj_preonic_rev3_drop_doublespoiler/quantum/rgblight/rgblight.o
                0x00000000080058c8                rgblight_decrease_sat
 *fill*         0x00000000080058ce        0x2 
 .text.rgblight_increase_val_helper
                0x00000000080058d0       0x24 .build/obj_preonic_rev3_drop_doublespoiler/quantum/rgblight/rgblight.o
                0x00000000080058d0                rgblight_increase_val_helper
 .text.rgblight_increase_val
                0x00000000080058f4        0x6 .build/obj_preonic_rev3_drop_doublespoiler/quantum/rgblight/rgblight.o
                0x00000000080058f4                rgblight_increase_val
 *fill*         0x00000000080058fa        0x2 
 .text.rgblight_decrease_val_helper
                0x00000000080058fc       0x20 .build/obj_preonic_rev3_drop_doublespoiler/quantum/rgblight/rgblight.o
                0x00000000080058fc                rgblight_decrease_val_helper
 .text.rgblight_decrease_val
                0x000000000800591c        0x6 .build/obj_preonic_rev3_drop_doublespoiler/quantum/rgblight/rgblight.o
                0x000000000800591c                rgblight_decrease_val
 .text.rgblight_sethsv_noeeprom
                0x0000000008005922        0x6 .build/obj_preonic_rev3_drop_doublespoiler/quantum/rgblight/rgblight.o
                0x0000000008005922                rgblight_sethsv_noeeprom
 .text.rgblight_effect_rainbow_swirl
                0x0000000008005928       0x64 .build/obj_preonic_rev3_drop_doublespoiler/quantum/rgblight/rgblight.o
                0x0000000008005928                rgblight_effect_rainbow_swirl
 .text.rgblight_effect_snake
                0x000000000800598c       0xd0 .build/obj_preonic_rev3_drop_doublespoiler/quantum/rgblight/rgblight.o
                0x000000000800598c                rgblight_effect_snake
 .text.rgblight_effect_knight
                0x0000000008005a5c       0xcc .build/obj_preonic_rev3_drop_doublespoiler/quantum/rgblight/rgblight.o
                0x0000000008005a5c                rgblight_effect_knight
 .text.rgblight_effect_christmas
                0x0000000008005b28       0xb0 .build/obj_preonic_rev3_drop_doublespoiler/quantum/rgblight/rgblight.o
                0x0000000008005b28                rgblight_effect_christmas
 .text.rgblight_effect_alternating
                0x0000000008005bd8       0x68 .build/obj_preonic_rev3_drop_doublespoiler/quantum/rgblight/rgblight.o
                0x0000000008005bd8                rgblight_effect_alternating
 .text.rgblight_disable
                0x0000000008005c40       0x30 .build/obj_preonic_rev3_drop_doublespoiler/quantum/rgblight/rgblight.o
                0x0000000008005c40                rgblight_disable
 .text.rgblight_timer_enable
                0x0000000008005c70       0x34 .build/obj_preonic_rev3_drop_doublespoiler/quantum/rgblight/rgblight.o
                0x0000000008005c70                rgblight_timer_enable
 .text.rgblight_mode_eeprom_helper
                0x0000000008005ca4       0x6c .build/obj_preonic_rev3_drop_doublespoiler/quantum/rgblight/rgblight.o
                0x0000000008005ca4                rgblight_mode_eeprom_helper
 .text.rgblight_step_helper
                0x0000000008005d10       0x1c .build/obj_preonic_rev3_drop_doublespoiler/quantum/rgblight/rgblight.o
                0x0000000008005d10                rgblight_step_helper
 .text.rgblight_step
                0x0000000008005d2c        0x6 .build/obj_preonic_rev3_drop_doublespoiler/quantum/rgblight/rgblight.o
                0x0000000008005d2c                rgblight_step
 *fill*         0x0000000008005d32        0x2 
 .text.rgblight_step_reverse_helper
                0x0000000008005d34       0x20 .build/obj_preonic_rev3_drop_doublespoiler/quantum/rgblight/rgblight.o
                0x0000000008005d34                rgblight_step_reverse_helper
 .text.rgblight_step_reverse
                0x0000000008005d54        0x6 .build/obj_preonic_rev3_drop_doublespoiler/quantum/rgblight/rgblight.o
                0x0000000008005d54                rgblight_step_reverse
 .text.rgblight_mode
                0x0000000008005d5a        0x6 .build/obj_preonic_rev3_drop_doublespoiler/quantum/rgblight/rgblight.o
                0x0000000008005d5a                rgblight_mode
 .text.rgblight_enable
                0x0000000008005d60       0x14 .build/obj_preonic_rev3_drop_doublespoiler/quantum/rgblight/rgblight.o
                0x0000000008005d60                rgblight_enable
 .text.rgblight_toggle
                0x0000000008005d74       0x14 .build/obj_preonic_rev3_drop_doublespoiler/quantum/rgblight/rgblight.o
                0x0000000008005d74                rgblight_toggle
 .text.rgblight_mode_noeeprom
                0x0000000008005d88        0x6 .build/obj_preonic_rev3_drop_doublespoiler/quantum/rgblight/rgblight.o
                0x0000000008005d88                rgblight_mode_noeeprom
 *fill*         0x0000000008005d8e        0x2 
 .text.rgblight_init
                0x0000000008005d90       0x58 .build/obj_preonic_rev3_drop_doublespoiler/quantum/rgblight/rgblight.o
                0x0000000008005d90                rgblight_init
 .text.rgblight_task
                0x0000000008005de8      0x100 .build/obj_preonic_rev3_drop_doublespoiler/quantum/rgblight/rgblight.o
                0x0000000008005de8                rgblight_task
 .text.handleKeycodeRGB
                0x0000000008005ee8        0x6 .build/obj_preonic_rev3_drop_doublespoiler/quantum/process_keycode/process_rgb.o
 .text.handleKeycodeRGBMode
                0x0000000008005eee       0x28 .build/obj_preonic_rev3_drop_doublespoiler/quantum/process_keycode/process_rgb.o
 *fill*         0x0000000008005f16        0x2 
 .text.process_rgb
                0x0000000008005f18       0xfc .build/obj_preonic_rev3_drop_doublespoiler/quantum/process_keycode/process_rgb.o
                0x0000000008005f18                process_rgb
 .text.ws2812_init
                0x0000000008006014       0x84 .build/obj_preonic_rev3_drop_doublespoiler/ws2812_pwm.o
                0x0000000008006014                ws2812_init
 .text.ws2812_write_led
                0x0000000008006098       0x50 .build/obj_preonic_rev3_drop_doublespoiler/ws2812_pwm.o
                0x0000000008006098                ws2812_write_led
 .text.ws2812_setleds
                0x00000000080060e8       0x3c .build/obj_preonic_rev3_drop_doublespoiler/ws2812_pwm.o
                0x00000000080060e8                ws2812_setleds
 .text.process_magic
                0x0000000008006124      0x244 .build/obj_preonic_rev3_drop_doublespoiler/quantum/process_keycode/process_magic.o
                0x0000000008006124                process_magic
 .text.command_common
                0x0000000008006368      0x124 .build/obj_preonic_rev3_drop_doublespoiler/quantum/command.o
 .text.command_extra
                0x000000000800648c        0x4 .build/obj_preonic_rev3_drop_doublespoiler/quantum/command.o
                0x000000000800648c                command_extra
 .text.command_console_extra
                0x0000000008006490        0x4 .build/obj_preonic_rev3_drop_doublespoiler/quantum/command.o
                0x0000000008006490                command_console_extra
 .text.command_proc
                0x0000000008006494       0x78 .build/obj_preonic_rev3_drop_doublespoiler/quantum/command.o
                0x0000000008006494                command_proc
 .text.dip_switch_update_user
                0x000000000800650c        0x4 .build/obj_preonic_rev3_drop_doublespoiler/quantum/dip_switch.o
                0x000000000800650c                dip_switch_update_user
 .text.dip_switch_update_kb
                0x0000000008006510        0x8 .build/obj_preonic_rev3_drop_doublespoiler/quantum/dip_switch.o
                0x0000000008006510                dip_switch_update_kb
 .text.dip_switch_update_mask_user
                0x0000000008006518        0x4 .build/obj_preonic_rev3_drop_doublespoiler/quantum/dip_switch.o
                0x0000000008006518                dip_switch_update_mask_user
 .text.dip_switch_update_mask_kb
                0x000000000800651c        0x8 .build/obj_preonic_rev3_drop_doublespoiler/quantum/dip_switch.o
                0x000000000800651c                dip_switch_update_mask_kb
 .text.dip_switch_read
                0x0000000008006524       0x70 .build/obj_preonic_rev3_drop_doublespoiler/quantum/dip_switch.o
                0x0000000008006524                dip_switch_read
 .text.dip_switch_init
                0x0000000008006594       0x34 .build/obj_preonic_rev3_drop_doublespoiler/quantum/dip_switch.o
                0x0000000008006594                dip_switch_init
 .text.encoder_wait_pullup_charge
                0x00000000080065c8        0x6 .build/obj_preonic_rev3_drop_doublespoiler/quantum/encoder.o
                0x00000000080065c8                encoder_wait_pullup_charge
 .text.encoder_update_user
                0x00000000080065ce        0x4 .build/obj_preonic_rev3_drop_doublespoiler/quantum/encoder.o
                0x00000000080065ce                encoder_update_user
 *fill*         0x00000000080065d2        0x2 
 .text.encoder_init
                0x00000000080065d4       0x68 .build/obj_preonic_rev3_drop_doublespoiler/quantum/encoder.o
                0x00000000080065d4                encoder_init
 .text.encoder_read